0 verbose cli C:\Program Files\nodejs\node.exe C:\Program Files\nodejs\node_modules\npm\bin\npm-cli.js
1 info using npm@11.9.0
2 info using node@v24.14.0
3 silly config load:file:C:\Program Files\nodejs\node_modules\npm\npmrc
4 silly config load:file:C:\Users\cassio\Documents\GitHub\TICHUB12\Atividade08\.npmrc
5 silly config load:file:C:\Users\cassio\.npmrc
6 silly config load:file:C:\Users\cassio\AppData\Roaming\npm\etc\npmrc
7 verbose title npm install pg jsonwebtoken
8 verbose argv "install" "pg" "jsonwebtoken"
9 verbose logfile logs-max:10 dir:C:\Users\cassio\Documents\GitHub\TICHUB12\Atividade08\.npm-cache\_logs\2026-06-16T01_43_33_397Z-
10 verbose logfile C:\Users\cassio\Documents\GitHub\TICHUB12\Atividade08\.npm-cache\_logs\2026-06-16T01_43_33_397Z-debug-0.log
11 silly logfile done cleaning log files
12 silly packumentCache heap:2348810240 maxSize:587202560 maxEntrySize:293601280
13 verbose shrinkwrap failed to load node_modules/.package-lock.json out of date, updated: node_modules
14 silly idealTree buildDeps
15 silly fetch manifest pg@*
16 silly packumentCache full:https://registry.npmjs.org/pg cache-miss
17 http fetch GET 200 https://registry.npmjs.org/pg 513ms (cache miss)
18 silly packumentCache full:https://registry.npmjs.org/pg set size:undefined disposed:false
19 silly fetch manifest pg-native@>=3.0.1
20 silly packumentCache full:https://registry.npmjs.org/pg-native cache-miss
21 http fetch GET 200 https://registry.npmjs.org/npm 910ms
22 http fetch GET 200 https://registry.npmjs.org/pg-native 156ms (cache miss)
23 silly packumentCache full:https://registry.npmjs.org/pg-native set size:undefined disposed:false
24 silly fetch manifest jsonwebtoken@*
25 silly packumentCache full:https://registry.npmjs.org/jsonwebtoken cache-miss
26 http fetch GET 200 https://registry.npmjs.org/jsonwebtoken 137ms (cache miss)
27 silly packumentCache full:https://registry.npmjs.org/jsonwebtoken set size:undefined disposed:false
28 silly placeDep ROOT jsonwebtoken@9.0.3 OK for: pu12@1.0.0 want: *
29 silly placeDep ROOT pg@8.21.0 OK for: pu12@1.0.0 want: *
30 silly fetch manifest jws@^4.0.1
31 silly packumentCache full:https://registry.npmjs.org/jws cache-miss
32 silly fetch manifest semver@^7.5.4
33 silly packumentCache full:https://registry.npmjs.org/semver cache-miss
34 silly fetch manifest lodash.once@^4.0.0
35 silly packumentCache full:https://registry.npmjs.org/lodash.once cache-miss
36 silly fetch manifest lodash.includes@^4.3.0
37 silly packumentCache full:https://registry.npmjs.org/lodash.includes cache-miss
38 silly fetch manifest lodash.isnumber@^3.0.3
39 silly packumentCache full:https://registry.npmjs.org/lodash.isnumber cache-miss
40 silly fetch manifest lodash.isstring@^4.0.1
41 silly packumentCache full:https://registry.npmjs.org/lodash.isstring cache-miss
42 silly fetch manifest lodash.isboolean@^3.0.3
43 silly packumentCache full:https://registry.npmjs.org/lodash.isboolean cache-miss
44 http fetch GET 200 https://registry.npmjs.org/semver 144ms (cache miss)
45 silly packumentCache full:https://registry.npmjs.org/semver set size:undefined disposed:false
46 silly fetch manifest lodash.isinteger@^4.0.4
47 silly packumentCache full:https://registry.npmjs.org/lodash.isinteger cache-miss
48 http fetch GET 200 https://registry.npmjs.org/lodash.isinteger 84ms (cache miss)
49 silly packumentCache full:https://registry.npmjs.org/lodash.isinteger set size:undefined disposed:false
50 silly fetch manifest lodash.isplainobject@^4.0.6
51 silly packumentCache full:https://registry.npmjs.org/lodash.isplainobject cache-miss
52 http fetch GET 200 https://registry.npmjs.org/jws 328ms (cache miss)
53 silly packumentCache full:https://registry.npmjs.org/jws set size:undefined disposed:false
54 silly fetch manifest pg-connection-string@^2.13.0
55 silly packumentCache full:https://registry.npmjs.org/pg-connection-string cache-miss
56 http fetch GET 200 https://registry.npmjs.org/lodash.isplainobject 100ms (cache miss)
57 silly packumentCache full:https://registry.npmjs.org/lodash.isplainobject set size:undefined disposed:false
58 silly fetch manifest pg-pool@^3.14.0
59 silly packumentCache full:https://registry.npmjs.org/pg-pool cache-miss
60 http fetch GET 200 https://registry.npmjs.org/lodash.once 349ms (cache miss)
61 silly packumentCache full:https://registry.npmjs.org/lodash.once set size:undefined disposed:false
62 silly fetch manifest pg-protocol@^1.14.0
63 silly packumentCache full:https://registry.npmjs.org/pg-protocol cache-miss
64 http fetch GET 200 https://registry.npmjs.org/lodash.includes 383ms (cache miss)
65 silly packumentCache full:https://registry.npmjs.org/lodash.includes set size:undefined disposed:false
66 silly fetch manifest pg-types@2.2.0
67 silly packumentCache full:https://registry.npmjs.org/pg-types cache-miss
68 http fetch GET 200 https://registry.npmjs.org/lodash.isboolean 386ms (cache miss)
69 silly packumentCache full:https://registry.npmjs.org/lodash.isboolean set size:undefined disposed:false
70 silly fetch manifest pgpass@1.0.5
71 silly packumentCache full:https://registry.npmjs.org/pgpass cache-miss
72 http fetch GET 200 https://registry.npmjs.org/lodash.isstring 427ms (cache miss)
73 silly packumentCache full:https://registry.npmjs.org/lodash.isstring set size:undefined disposed:false
74 silly fetch manifest pg-cloudflare@^1.4.0
75 silly packumentCache full:https://registry.npmjs.org/pg-cloudflare cache-miss
76 http fetch GET 200 https://registry.npmjs.org/pg-types 108ms (cache miss)
77 silly packumentCache full:https://registry.npmjs.org/pg-types set size:undefined disposed:false
78 http fetch GET 200 https://registry.npmjs.org/lodash.isnumber 556ms (cache miss)
79 silly packumentCache full:https://registry.npmjs.org/lodash.isnumber set size:undefined disposed:false
80 http fetch GET 200 https://registry.npmjs.org/pg-connection-string 299ms (cache miss)
81 silly packumentCache full:https://registry.npmjs.org/pg-connection-string set size:undefined disposed:false
82 http fetch GET 200 https://registry.npmjs.org/pg-protocol 279ms (cache miss)
83 silly packumentCache full:https://registry.npmjs.org/pg-protocol set size:undefined disposed:false
84 http fetch GET 200 https://registry.npmjs.org/pg-pool 296ms (cache miss)
85 silly packumentCache full:https://registry.npmjs.org/pg-pool set size:undefined disposed:false
86 http fetch GET 200 https://registry.npmjs.org/pgpass 297ms (cache miss)
87 silly packumentCache full:https://registry.npmjs.org/pgpass set size:undefined disposed:false
88 http fetch GET 200 https://registry.npmjs.org/pg-cloudflare 303ms (cache miss)
89 silly packumentCache full:https://registry.npmjs.org/pg-cloudflare set size:undefined disposed:false
90 silly placeDep ROOT jws@4.0.1 OK for: jsonwebtoken@9.0.3 want: ^4.0.1
91 silly placeDep ROOT lodash.includes@4.3.0 OK for: jsonwebtoken@9.0.3 want: ^4.3.0
92 silly placeDep ROOT lodash.isboolean@3.0.3 OK for: jsonwebtoken@9.0.3 want: ^3.0.3
93 silly placeDep ROOT lodash.isinteger@4.0.4 OK for: jsonwebtoken@9.0.3 want: ^4.0.4
94 silly placeDep ROOT lodash.isnumber@3.0.3 OK for: jsonwebtoken@9.0.3 want: ^3.0.3
95 silly placeDep ROOT lodash.isplainobject@4.0.6 OK for: jsonwebtoken@9.0.3 want: ^4.0.6
96 silly placeDep ROOT lodash.isstring@4.0.1 OK for: jsonwebtoken@9.0.3 want: ^4.0.1
97 silly placeDep ROOT lodash.once@4.1.1 OK for: jsonwebtoken@9.0.3 want: ^4.0.0
98 silly placeDep ROOT semver@7.8.4 OK for: jsonwebtoken@9.0.3 want: ^7.5.4
99 silly fetch manifest jwa@^2.0.1
100 silly packumentCache full:https://registry.npmjs.org/jwa cache-miss
101 silly fetch manifest safe-buffer@^5.0.1
102 silly packumentCache full:https://registry.npmjs.org/safe-buffer cache-miss
103 http fetch GET 200 https://registry.npmjs.org/safe-buffer 107ms (cache miss)
104 silly packumentCache full:https://registry.npmjs.org/safe-buffer set size:undefined disposed:false
105 http fetch GET 200 https://registry.npmjs.org/jwa 304ms (cache miss)
106 silly packumentCache full:https://registry.npmjs.org/jwa set size:undefined disposed:false
107 silly placeDep ROOT jwa@2.0.1 OK for: jws@4.0.1 want: ^2.0.1
108 silly placeDep ROOT safe-buffer@5.2.1 OK for: jws@4.0.1 want: ^5.0.1
109 silly fetch manifest ecdsa-sig-formatter@1.0.11
110 silly packumentCache full:https://registry.npmjs.org/ecdsa-sig-formatter cache-miss
111 silly fetch manifest buffer-equal-constant-time@^1.0.1
112 silly packumentCache full:https://registry.npmjs.org/buffer-equal-constant-time cache-miss
113 http fetch GET 200 https://registry.npmjs.org/ecdsa-sig-formatter 84ms (cache miss)
114 silly packumentCache full:https://registry.npmjs.org/ecdsa-sig-formatter set size:undefined disposed:false
115 http fetch GET 200 https://registry.npmjs.org/buffer-equal-constant-time 269ms (cache miss)
116 silly packumentCache full:https://registry.npmjs.org/buffer-equal-constant-time set size:undefined disposed:false
117 silly placeDep ROOT buffer-equal-constant-time@1.0.1 OK for: jwa@2.0.1 want: ^1.0.1
118 silly placeDep ROOT ecdsa-sig-formatter@1.0.11 OK for: jwa@2.0.1 want: 1.0.11
119 silly fetch manifest pg@>=8.0
120 silly packumentCache full:https://registry.npmjs.org/pg cache-miss
121 http cache https://registry.npmjs.org/pg 11ms (cache hit)
122 silly packumentCache full:https://registry.npmjs.org/pg set size:477609 disposed:false
123 silly placeDep ROOT pg-cloudflare@1.4.0 OK for: pg@8.21.0 want: ^1.4.0
124 silly placeDep ROOT pg-connection-string@2.13.0 OK for: pg@8.21.0 want: ^2.13.0
125 silly placeDep ROOT pg-pool@3.14.0 OK for: pg@8.21.0 want: ^3.14.0
126 silly placeDep ROOT pg-protocol@1.14.0 OK for: pg@8.21.0 want: ^1.14.0
127 silly placeDep ROOT pg-types@2.2.0 OK for: pg@8.21.0 want: 2.2.0
128 silly placeDep ROOT pgpass@1.0.5 OK for: pg@8.21.0 want: 1.0.5
129 silly fetch manifest pg-int8@1.0.1
130 silly packumentCache full:https://registry.npmjs.org/pg-int8 cache-miss
131 silly fetch manifest postgres-date@~1.0.4
132 silly packumentCache full:https://registry.npmjs.org/postgres-date cache-miss
133 silly fetch manifest postgres-array@~2.0.0
134 silly packumentCache full:https://registry.npmjs.org/postgres-array cache-miss
135 silly fetch manifest postgres-bytea@~1.0.0
136 silly packumentCache full:https://registry.npmjs.org/postgres-bytea cache-miss
137 silly fetch manifest postgres-interval@^1.1.0
138 silly packumentCache full:https://registry.npmjs.org/postgres-interval cache-miss
139 silly fetch manifest split2@^4.1.0
140 silly packumentCache full:https://registry.npmjs.org/split2 cache-miss
141 http fetch GET 200 https://registry.npmjs.org/pg-int8 115ms (cache miss)
142 silly packumentCache full:https://registry.npmjs.org/pg-int8 set size:undefined disposed:false
143 http fetch GET 200 https://registry.npmjs.org/postgres-bytea 116ms (cache miss)
144 silly packumentCache full:https://registry.npmjs.org/postgres-bytea set size:undefined disposed:false
145 http fetch GET 200 https://registry.npmjs.org/postgres-date 118ms (cache miss)
146 silly packumentCache full:https://registry.npmjs.org/postgres-date set size:undefined disposed:false
147 http fetch GET 200 https://registry.npmjs.org/postgres-array 119ms (cache miss)
148 silly packumentCache full:https://registry.npmjs.org/postgres-array set size:undefined disposed:false
149 http fetch GET 200 https://registry.npmjs.org/postgres-interval 122ms (cache miss)
150 silly packumentCache full:https://registry.npmjs.org/postgres-interval set size:undefined disposed:false
151 http fetch GET 200 https://registry.npmjs.org/split2 124ms (cache miss)
152 silly packumentCache full:https://registry.npmjs.org/split2 set size:undefined disposed:false
153 silly placeDep ROOT pg-int8@1.0.1 OK for: pg-types@2.2.0 want: 1.0.1
154 silly placeDep ROOT postgres-array@2.0.0 OK for: pg-types@2.2.0 want: ~2.0.0
155 silly placeDep ROOT postgres-bytea@1.0.1 OK for: pg-types@2.2.0 want: ~1.0.0
156 silly placeDep ROOT postgres-date@1.0.7 OK for: pg-types@2.2.0 want: ~1.0.4
157 silly placeDep ROOT postgres-interval@1.2.0 OK for: pg-types@2.2.0 want: ^1.1.0
158 silly fetch manifest xtend@^4.0.0
159 silly packumentCache full:https://registry.npmjs.org/xtend cache-miss
160 http fetch GET 200 https://registry.npmjs.org/xtend 88ms (cache miss)
161 silly packumentCache full:https://registry.npmjs.org/xtend set size:undefined disposed:false
162 silly placeDep ROOT split2@4.2.0 OK for: pgpass@1.0.5 want: ^4.1.0
163 silly placeDep ROOT xtend@4.0.2 OK for: postgres-interval@1.2.0 want: ^4.0.0
164 silly reify moves {}
165 silly audit bulk request {
165 silly audit   '@alloc/quick-lru': [ '5.2.0' ],
165 silly audit   '@babel/generator': [ '7.29.1' ],
165 silly audit   '@jridgewell/trace-mapping': [ '0.3.31', '0.3.9' ],
165 silly audit   '@babel/helper-string-parser': [ '7.27.1' ],
165 silly audit   '@babel/helper-validator-identifier': [ '7.28.5' ],
165 silly audit   '@babel/parser': [ '7.29.0' ],
165 silly audit   '@babel/types': [ '7.29.0' ],
165 silly audit   '@cspotcode/source-map-support': [ '0.8.1' ],
165 silly audit   '@emnapi/core': [ '1.9.0' ],
165 silly audit   '@emnapi/runtime': [ '1.9.0' ],
165 silly audit   '@emnapi/wasi-threads': [ '1.2.0' ],
165 silly audit   '@jridgewell/gen-mapping': [ '0.3.13' ],
165 silly audit   '@jridgewell/remapping': [ '2.3.5' ],
165 silly audit   '@jridgewell/resolve-uri': [ '3.1.2' ],
165 silly audit   '@jridgewell/sourcemap-codec': [ '1.5.5' ],
165 silly audit   '@napi-rs/wasm-runtime': [ '1.1.1' ],
165 silly audit   '@nodelib/fs.scandir': [ '2.1.5' ],
165 silly audit   '@nodelib/fs.stat': [ '2.0.5' ],
165 silly audit   '@nodelib/fs.walk': [ '1.2.8' ],
165 silly audit   '@oxc-project/runtime': [ '0.115.0' ],
165 silly audit   '@oxc-project/types': [ '0.115.0' ],
165 silly audit   '@primeuix/styled': [ '0.7.4' ],
165 silly audit   '@primeuix/styles': [ '2.0.3' ],
165 silly audit   '@primeuix/themes': [ '2.0.3' ],
165 silly audit   '@primeuix/utils': [ '0.6.4' ],
165 silly audit   '@primevue/core': [ '4.5.5' ],
165 silly audit   '@primevue/icons': [ '4.5.5' ],
165 silly audit   '@primevue/themes': [ '4.5.4' ],
165 silly audit   '@rolldown/binding-android-arm64': [ '1.0.0-rc.9' ],
165 silly audit   '@rolldown/binding-darwin-arm64': [ '1.0.0-rc.9' ],
165 silly audit   '@rolldown/binding-darwin-x64': [ '1.0.0-rc.9' ],
165 silly audit   '@rolldown/binding-freebsd-x64': [ '1.0.0-rc.9' ],
165 silly audit   '@rolldown/binding-linux-arm-gnueabihf': [ '1.0.0-rc.9' ],
165 silly audit   '@rolldown/binding-linux-arm64-gnu': [ '1.0.0-rc.9' ],
165 silly audit   '@rolldown/binding-linux-arm64-musl': [ '1.0.0-rc.9' ],
165 silly audit   '@rolldown/binding-linux-ppc64-gnu': [ '1.0.0-rc.9' ],
165 silly audit   '@rolldown/binding-linux-s390x-gnu': [ '1.0.0-rc.9' ],
165 silly audit   '@rolldown/binding-linux-x64-gnu': [ '1.0.0-rc.9' ],
165 silly audit   '@rolldown/binding-linux-x64-musl': [ '1.0.0-rc.9' ],
165 silly audit   '@rolldown/binding-openharmony-arm64': [ '1.0.0-rc.9' ],
165 silly audit   '@rolldown/binding-wasm32-wasi': [ '1.0.0-rc.9' ],
165 silly audit   '@rolldown/binding-win32-arm64-msvc': [ '1.0.0-rc.9' ],
165 silly audit   '@rolldown/binding-win32-x64-msvc': [ '1.0.0-rc.9' ],
165 silly audit   '@rolldown/pluginutils': [ '1.0.0-rc.9', '1.0.0-rc.2' ],
165 silly audit   '@tsconfig/node10': [ '1.0.12' ],
165 silly audit   '@tsconfig/node12': [ '1.0.11' ],
165 silly audit   '@tsconfig/node14': [ '1.0.3' ],
165 silly audit   '@tsconfig/node16': [ '1.0.4' ],
165 silly audit   '@tybys/wasm-util': [ '0.10.1' ],
165 silly audit   '@types/body-parser': [ '1.19.6' ],
165 silly audit   '@types/connect': [ '3.4.38' ],
165 silly audit   '@types/express': [ '5.0.6' ],
165 silly audit   '@types/express-serve-static-core': [ '5.1.1' ],
165 silly audit   '@types/http-errors': [ '2.0.5' ],
165 silly audit   '@types/node': [ '25.5.0' ],
165 silly audit   '@types/qs': [ '6.15.1' ],
165 silly audit   '@types/range-parser': [ '1.2.7' ],
165 silly audit   '@types/send': [ '1.2.1' ],
165 silly audit   '@types/serve-static': [ '2.2.0' ],
165 silly audit   '@vitejs/plugin-vue': [ '6.0.5' ],
165 silly audit   '@vue-macros/common': [ '3.1.2' ],
165 silly audit   '@vue/compiler-core': [ '3.5.30' ],
165 silly audit   '@vue/compiler-dom': [ '3.5.30' ],
165 silly audit   '@vue/compiler-sfc': [ '3.5.30' ],
165 silly audit   '@vue/compiler-ssr': [ '3.5.30' ],
165 silly audit   '@vue/devtools-api': [ '8.1.1', '7.7.9' ],
165 silly audit   '@vue/devtools-kit': [ '8.1.1', '7.7.9' ],
165 silly audit   '@vue/devtools-shared': [ '8.1.1', '7.7.9' ],
165 silly audit   '@vue/reactivity': [ '3.5.30' ],
165 silly audit   '@vue/runtime-core': [ '3.5.30' ],
165 silly audit   '@vue/runtime-dom': [ '3.5.30' ],
165 silly audit   '@vue/server-renderer': [ '3.5.30' ],
165 silly audit   '@vue/shared': [ '3.5.30' ],
165 silly audit   '@vuelidate/core': [ '2.0.3' ],
165 silly audit   'vue-demi': [ '0.13.11' ],
165 silly audit   '@vuelidate/validators': [ '2.0.4' ],
165 silly audit   accepts: [ '2.0.0' ],
165 silly audit   acorn: [ '8.16.0' ],
165 silly audit   'acorn-walk': [ '8.3.5' ],
165 silly audit   'any-promise': [ '1.3.0' ],
165 silly audit   anymatch: [ '3.1.3' ],
165 silly audit   picomatch: [ '2.3.1', '4.0.3' ],
165 silly audit   arg: [ '4.1.3', '5.0.2' ],
165 silly audit   'ast-kit': [ '2.2.0' ],
165 silly audit   'ast-walker-scope': [ '0.8.3' ],
165 silly audit   autoprefixer: [ '10.4.27' ],
165 silly audit   'baseline-browser-mapping': [ '2.10.9' ],
165 silly audit   'binary-extensions': [ '2.3.0' ],
165 silly audit   birpc: [ '2.9.0' ],
165 silly audit   'body-parser': [ '2.2.2' ],
165 silly audit   braces: [ '3.0.3' ],
165 silly audit   browserslist: [ '4.28.1' ],
165 silly audit   bytes: [ '3.1.2' ],
165 silly audit   'call-bind-apply-helpers': [ '1.0.2' ],
165 silly audit   'call-bound': [ '1.0.4' ],
165 silly audit   'camelcase-css': [ '2.0.1' ],
165 silly audit   'caniuse-lite': [ '1.0.30001780' ],
165 silly audit   chokidar: [ '3.6.0', '5.0.0' ],
165 silly audit   'glob-parent': [ '5.1.2', '6.0.2' ],
165 silly audit   commander: [ '4.1.1' ],
165 silly audit   confbox: [ '0.2.4', '0.1.8' ],
165 silly audit   'content-disposition': [ '1.1.0' ],
165 silly audit   'content-type': [ '1.0.5', '2.0.0' ],
165 silly audit   cookie: [ '0.7.2' ],
165 silly audit   'cookie-signature': [ '1.2.2' ],
165 silly audit   'copy-anything': [ '4.0.5' ],
165 silly audit   'create-require': [ '1.1.1' ],
165 silly audit   cssesc: [ '3.0.0' ],
165 silly audit   csstype: [ '3.2.3' ],
165 silly audit   debug: [ '4.4.3' ],
165 silly audit   depd: [ '2.0.0' ],
165 silly audit   'detect-libc': [ '2.1.2' ],
165 silly audit   didyoumean: [ '1.2.2' ],
165 silly audit   diff: [ '4.0.4' ],
165 silly audit   dlv: [ '1.1.3' ],
165 silly audit   'dunder-proto': [ '1.0.1' ],
165 silly audit   'ee-first': [ '1.1.1' ],
165 silly audit   'electron-to-chromium': [ '1.5.321' ],
165 silly audit   encodeurl: [ '2.0.0' ],
165 silly audit   entities: [ '7.0.1' ],
165 silly audit   'es-define-property': [ '1.0.1' ],
165 silly audit   'es-errors': [ '1.3.0' ],
165 silly audit   'es-object-atoms': [ '1.1.2' ],
165 silly audit   escalade: [ '3.2.0' ],
165 silly audit   'escape-html': [ '1.0.3' ],
165 silly audit   'estree-walker': [ '2.0.2' ],
165 silly audit   etag: [ '1.8.1' ],
165 silly audit   express: [ '5.2.1' ],
165 silly audit   exsolve: [ '1.0.8' ],
165 silly audit   'fast-glob': [ '3.3.3' ],
165 silly audit   fastq: [ '1.20.1' ],
165 silly audit   fdir: [ '6.5.0' ],
165 silly audit   'fill-range': [ '7.1.1' ],
165 silly audit   finalhandler: [ '2.1.1' ],
165 silly audit   forwarded: [ '0.2.0' ],
165 silly audit   'fraction.js': [ '5.3.4' ],
165 silly audit   fresh: [ '2.0.0' ],
165 silly audit   fsevents: [ '2.3.3' ],
165 silly audit   'function-bind': [ '1.1.2' ],
165 silly audit   'get-intrinsic': [ '1.3.0' ],
165 silly audit   'get-proto': [ '1.0.1' ],
165 silly audit   gopd: [ '1.2.0' ],
165 silly audit   'has-symbols': [ '1.1.0' ],
165 silly audit   hasown: [ '2.0.2' ],
165 silly audit   hookable: [ '5.5.3' ],
165 silly audit   'http-errors': [ '2.0.1' ],
165 silly audit   'iconv-lite': [ '0.7.2' ],
165 silly audit   inherits: [ '2.0.4' ],
165 silly audit   'ipaddr.js': [ '1.9.1' ],
165 silly audit   'is-binary-path': [ '2.1.0' ],
165 silly audit   'is-core-module': [ '2.16.1' ],
165 silly audit   'is-extglob': [ '2.1.1' ],
165 silly audit   'is-glob': [ '4.0.3' ],
165 silly audit   'is-number': [ '7.0.0' ],
165 silly audit   'is-promise': [ '4.0.0' ],
165 silly audit   'is-what': [ '5.5.0' ],
165 silly audit   jiti: [ '1.21.7' ],
165 silly audit   jsesc: [ '3.1.0' ],
165 silly audit   json5: [ '2.2.3' ],
165 silly audit   lightningcss: [ '1.32.0' ],
165 silly audit   'lightningcss-android-arm64': [ '1.32.0' ],
165 silly audit   'lightningcss-darwin-arm64': [ '1.32.0' ],
165 silly audit   'lightningcss-darwin-x64': [ '1.32.0' ],
165 silly audit   'lightningcss-freebsd-x64': [ '1.32.0' ],
165 silly audit   'lightningcss-linux-arm-gnueabihf': [ '1.32.0' ],
165 silly audit   'lightningcss-linux-arm64-gnu': [ '1.32.0' ],
165 silly audit   'lightningcss-linux-arm64-musl': [ '1.32.0' ],
165 silly audit   'lightningcss-linux-x64-gnu': [ '1.32.0' ],
165 silly audit   'lightningcss-linux-x64-musl': [ '1.32.0' ],
165 silly audit   'lightningcss-win32-arm64-msvc': [ '1.32.0' ],
165 silly audit   'lightningcss-win32-x64-msvc': [ '1.32.0' ],
165 silly audit   lilconfig: [ '2.1.0', '3.1.3' ],
165 silly audit   'lines-and-columns': [ '1.2.4' ],
165 silly audit   'local-pkg': [ '1.1.2' ],
165 silly audit   'magic-string': [ '0.30.21' ],
165 silly audit   'magic-string-ast': [ '1.0.3' ],
165 silly audit   'make-error': [ '1.3.6' ],
165 silly audit   'math-intrinsics': [ '1.1.0' ],
165 silly audit   'media-typer': [ '1.1.0' ],
165 silly audit   'merge-descriptors': [ '2.0.0' ],
165 silly audit   merge2: [ '1.4.1' ],
165 silly audit   micromatch: [ '4.0.8' ],
165 silly audit   'mime-db': [ '1.54.0' ],
165 silly audit   'mime-types': [ '3.0.2' ],
165 silly audit   mitt: [ '3.0.1' ],
165 silly audit   mlly: [ '1.8.2' ],
165 silly audit   'pkg-types': [ '1.3.1', '2.3.0' ],
165 silly audit   ms: [ '2.1.3' ],
165 silly audit   'muggle-string': [ '0.4.1' ],
165 silly audit   mz: [ '2.7.0' ],
165 silly audit   nanoid: [ '3.3.11' ],
165 silly audit   negotiator: [ '1.0.0' ],
165 silly audit   'node-releases': [ '2.0.36' ],
165 silly audit   'normalize-path': [ '3.0.0' ],
165 silly audit   'object-assign': [ '4.1.1' ],
165 silly audit   'object-hash': [ '3.0.0' ],
165 silly audit   'object-inspect': [ '1.13.4' ],
165 silly audit   'on-finished': [ '2.4.1' ],
165 silly audit   once: [ '1.4.0' ],
165 silly audit   parseurl: [ '1.3.3' ],
165 silly audit   'path-parse': [ '1.0.7' ],
165 silly audit   'path-to-regexp': [ '8.4.2' ],
165 silly audit   pathe: [ '2.0.3' ],
165 silly audit   'perfect-debounce': [ '2.1.0', '1.0.0' ],
165 silly audit   picocolors: [ '1.1.1' ],
165 silly audit   pify: [ '2.3.0' ],
165 silly audit   pinia: [ '3.0.4' ],
165 silly audit   pirates: [ '4.0.7' ],
165 silly audit   postcss: [ '8.5.8' ],
165 silly audit   'postcss-import': [ '15.1.0' ],
165 silly audit   'postcss-js': [ '4.1.0' ],
165 silly audit   'postcss-load-config': [ '4.0.2' ],
165 silly audit   'postcss-nested': [ '6.2.0' ],
165 silly audit   'postcss-selector-parser': [ '6.1.2' ],
165 silly audit   'postcss-value-parser': [ '4.2.0' ],
165 silly audit   primeicons: [ '7.0.0' ],
165 silly audit   primevue: [ '4.5.5' ],
165 silly audit   'proxy-addr': [ '2.0.7' ],
165 silly audit   qs: [ '6.15.2' ],
165 silly audit   quansync: [ '0.2.11' ],
165 silly audit   'queue-microtask': [ '1.2.3' ],
165 silly audit   'range-parser': [ '1.2.1' ],
165 silly audit   'raw-body': [ '3.0.2' ],
165 silly audit   'read-cache': [ '1.0.0' ],
165 silly audit   readdirp: [ '3.6.0', '5.0.0' ],
165 silly audit   resolve: [ '1.22.11' ],
165 silly audit   reusify: [ '1.1.0' ],
165 silly audit   rfdc: [ '1.4.1' ],
165 silly audit   rolldown: [ '1.0.0-rc.9' ],
165 silly audit   router: [ '2.2.0' ],
165 silly audit   'run-parallel': [ '1.2.0' ],
165 silly audit   'safer-buffer': [ '2.1.2' ],
165 silly audit   scule: [ '1.3.0' ],
165 silly audit   send: [ '1.2.1' ],
165 silly audit   'serve-static': [ '2.2.1' ],
165 silly audit   setprototypeof: [ '1.2.0' ],
165 silly audit   'side-channel': [ '1.1.0' ],
165 silly audit   'side-channel-list': [ '1.0.1' ],
165 silly audit   'side-channel-map': [ '1.0.1' ],
165 silly audit   'side-channel-weakmap': [ '1.0.2' ],
165 silly audit   'source-map-js': [ '1.2.1' ],
165 silly audit   speakingurl: [ '14.0.1' ],
165 silly audit   statuses: [ '2.0.2' ],
165 silly audit   sucrase: [ '3.35.1' ],
165 silly audit   superjson: [ '2.2.6' ],
165 silly audit   'supports-preserve-symlinks-flag': [ '1.0.0' ],
165 silly audit   tailwindcss: [ '3.4.0' ],
165 silly audit   thenify: [ '3.3.1' ],
165 silly audit   'thenify-all': [ '1.6.0' ],
165 silly audit   tinyglobby: [ '0.2.15' ],
165 silly audit   'to-regex-range': [ '5.0.1' ],
165 silly audit   toidentifier: [ '1.0.1' ],
165 silly audit   'ts-interface-checker': [ '0.1.13' ],
165 silly audit   'ts-node': [ '10.9.2' ],
165 silly audit   tslib: [ '2.8.1' ],
165 silly audit   'type-is': [ '2.1.0' ],
165 silly audit   typescript: [ '5.9.3' ],
165 silly audit   ufo: [ '1.6.3' ],
165 silly audit   'undici-types': [ '7.18.2' ],
165 silly audit   unpipe: [ '1.0.0' ],
165 silly audit   unplugin: [ '3.0.0' ],
165 silly audit   'unplugin-utils': [ '0.3.1' ],
165 silly audit   'update-browserslist-db': [ '1.2.3' ],
165 silly audit   'util-deprecate': [ '1.0.2' ],
165 silly audit   'v8-compile-cache-lib': [ '3.0.1' ],
165 silly audit   vary: [ '1.1.2' ],
165 silly audit   vite: [ '8.0.0' ],
165 silly audit   vue: [ '3.5.30' ],
165 silly audit   'vue-router': [ '5.0.6' ],
165 silly audit   'webpack-virtual-modules': [ '0.6.2' ],
165 silly audit   wrappy: [ '1.0.2' ],
165 silly audit   yaml: [ '2.8.2' ],
165 silly audit   yn: [ '3.1.1' ],
165 silly audit   zod: [ '4.4.3' ],
165 silly audit   jsonwebtoken: [ '9.0.3' ],
165 silly audit   pg: [ '8.21.0' ],
165 silly audit   jws: [ '4.0.1' ],
165 silly audit   'lodash.includes': [ '4.3.0' ],
165 silly audit   'lodash.isboolean': [ '3.0.3' ],
165 silly audit   'lodash.isinteger': [ '4.0.4' ],
165 silly audit   'lodash.isnumber': [ '3.0.3' ],
165 silly audit   'lodash.isplainobject': [ '4.0.6' ],
165 silly audit   'lodash.isstring': [ '4.0.1' ],
165 silly audit   'lodash.once': [ '4.1.1' ],
165 silly audit   semver: [ '7.8.4' ],
165 silly audit   jwa: [ '2.0.1' ],
165 silly audit   'safe-buffer': [ '5.2.1' ],
165 silly audit   'buffer-equal-constant-time': [ '1.0.1' ],
165 silly audit   'ecdsa-sig-formatter': [ '1.0.11' ],
165 silly audit   'pg-cloudflare': [ '1.4.0' ],
165 silly audit   'pg-connection-string': [ '2.13.0' ],
165 silly audit   'pg-pool': [ '3.14.0' ],
165 silly audit   'pg-protocol': [ '1.14.0' ],
165 silly audit   'pg-types': [ '2.2.0' ],
165 silly audit   pgpass: [ '1.0.5' ],
165 silly audit   'pg-int8': [ '1.0.1' ],
165 silly audit   'postgres-array': [ '2.0.0' ],
165 silly audit   'postgres-bytea': [ '1.0.1' ],
165 silly audit   'postgres-date': [ '1.0.7' ],
165 silly audit   'postgres-interval': [ '1.2.0' ],
165 silly audit   split2: [ '4.2.0' ],
165 silly audit   xtend: [ '4.0.2' ]
165 silly audit }
166 http cache split2@https://registry.npmjs.org/split2/-/split2-4.2.0.tgz 0ms (cache hit)
167 http cache postgres-interval@https://registry.npmjs.org/postgres-interval/-/postgres-interval-1.2.0.tgz 0ms (cache hit)
168 http cache postgres-date@https://registry.npmjs.org/postgres-date/-/postgres-date-1.0.7.tgz 0ms (cache hit)
169 http cache postgres-bytea@https://registry.npmjs.org/postgres-bytea/-/postgres-bytea-1.0.1.tgz 0ms (cache hit)
170 http cache postgres-array@https://registry.npmjs.org/postgres-array/-/postgres-array-2.0.0.tgz 0ms (cache hit)
171 http cache pg-int8@https://registry.npmjs.org/pg-int8/-/pg-int8-1.0.1.tgz 0ms (cache hit)
172 http cache pgpass@https://registry.npmjs.org/pgpass/-/pgpass-1.0.5.tgz 0ms (cache hit)
173 http cache pg-types@https://registry.npmjs.org/pg-types/-/pg-types-2.2.0.tgz 0ms (cache hit)
174 http cache xtend@https://registry.npmjs.org/xtend/-/xtend-4.0.2.tgz 0ms (cache hit)
175 http cache pg-protocol@https://registry.npmjs.org/pg-protocol/-/pg-protocol-1.14.0.tgz 0ms (cache hit)
176 http cache pg-pool@https://registry.npmjs.org/pg-pool/-/pg-pool-3.14.0.tgz 0ms (cache hit)
177 http cache pg-connection-string@https://registry.npmjs.org/pg-connection-string/-/pg-connection-string-2.13.0.tgz 0ms (cache hit)
178 http cache pg-cloudflare@https://registry.npmjs.org/pg-cloudflare/-/pg-cloudflare-1.4.0.tgz 0ms (cache hit)
179 http cache ecdsa-sig-formatter@https://registry.npmjs.org/ecdsa-sig-formatter/-/ecdsa-sig-formatter-1.0.11.tgz 0ms (cache hit)
180 http cache buffer-equal-constant-time@https://registry.npmjs.org/buffer-equal-constant-time/-/buffer-equal-constant-time-1.0.1.tgz 0ms (cache hit)
181 http cache safe-buffer@https://registry.npmjs.org/safe-buffer/-/safe-buffer-5.2.1.tgz 0ms (cache hit)
182 http cache jwa@https://registry.npmjs.org/jwa/-/jwa-2.0.1.tgz 0ms (cache hit)
183 http cache semver@https://registry.npmjs.org/semver/-/semver-7.8.4.tgz 0ms (cache hit)
184 http cache lodash.once@https://registry.npmjs.org/lodash.once/-/lodash.once-4.1.1.tgz 0ms (cache hit)
185 http cache lodash.isstring@https://registry.npmjs.org/lodash.isstring/-/lodash.isstring-4.0.1.tgz 0ms (cache hit)
186 http cache lodash.isnumber@https://registry.npmjs.org/lodash.isnumber/-/lodash.isnumber-3.0.3.tgz 0ms (cache hit)
187 http cache lodash.isplainobject@https://registry.npmjs.org/lodash.isplainobject/-/lodash.isplainobject-4.0.6.tgz 0ms (cache hit)
188 http cache lodash.isinteger@https://registry.npmjs.org/lodash.isinteger/-/lodash.isinteger-4.0.4.tgz 0ms (cache hit)
189 http cache lodash.isboolean@https://registry.npmjs.org/lodash.isboolean/-/lodash.isboolean-3.0.3.tgz 0ms (cache hit)
190 http cache lodash.includes@https://registry.npmjs.org/lodash.includes/-/lodash.includes-4.3.0.tgz 0ms (cache hit)
191 http cache jws@https://registry.npmjs.org/jws/-/jws-4.0.1.tgz 0ms (cache hit)
192 http cache pg@https://registry.npmjs.org/pg/-/pg-8.21.0.tgz 0ms (cache hit)
193 http cache jsonwebtoken@https://registry.npmjs.org/jsonwebtoken/-/jsonwebtoken-9.0.3.tgz 0ms (cache hit)
194 silly tarball no local data for split2@https://registry.npmjs.org/split2/-/split2-4.2.0.tgz. Extracting by manifest.
195 silly tarball no local data for postgres-interval@https://registry.npmjs.org/postgres-interval/-/postgres-interval-1.2.0.tgz. Extracting by manifest.
196 silly tarball no local data for postgres-date@https://registry.npmjs.org/postgres-date/-/postgres-date-1.0.7.tgz. Extracting by manifest.
197 silly tarball no local data for postgres-bytea@https://registry.npmjs.org/postgres-bytea/-/postgres-bytea-1.0.1.tgz. Extracting by manifest.
198 silly tarball no local data for postgres-array@https://registry.npmjs.org/postgres-array/-/postgres-array-2.0.0.tgz. Extracting by manifest.
199 silly tarball no local data for pg-int8@https://registry.npmjs.org/pg-int8/-/pg-int8-1.0.1.tgz. Extracting by manifest.
200 silly tarball no local data for pgpass@https://registry.npmjs.org/pgpass/-/pgpass-1.0.5.tgz. Extracting by manifest.
201 silly tarball no local data for pg-types@https://registry.npmjs.org/pg-types/-/pg-types-2.2.0.tgz. Extracting by manifest.
202 silly tarball no local data for xtend@https://registry.npmjs.org/xtend/-/xtend-4.0.2.tgz. Extracting by manifest.
203 silly tarball no local data for pg-protocol@https://registry.npmjs.org/pg-protocol/-/pg-protocol-1.14.0.tgz. Extracting by manifest.
204 silly tarball no local data for pg-pool@https://registry.npmjs.org/pg-pool/-/pg-pool-3.14.0.tgz. Extracting by manifest.
205 silly tarball no local data for pg-connection-string@https://registry.npmjs.org/pg-connection-string/-/pg-connection-string-2.13.0.tgz. Extracting by manifest.
206 silly tarball no local data for pg-cloudflare@https://registry.npmjs.org/pg-cloudflare/-/pg-cloudflare-1.4.0.tgz. Extracting by manifest.
207 silly tarball no local data for ecdsa-sig-formatter@https://registry.npmjs.org/ecdsa-sig-formatter/-/ecdsa-sig-formatter-1.0.11.tgz. Extracting by manifest.
208 silly tarball no local data for buffer-equal-constant-time@https://registry.npmjs.org/buffer-equal-constant-time/-/buffer-equal-constant-time-1.0.1.tgz. Extracting by manifest.
209 silly tarball no local data for safe-buffer@https://registry.npmjs.org/safe-buffer/-/safe-buffer-5.2.1.tgz. Extracting by manifest.
210 silly tarball no local data for jwa@https://registry.npmjs.org/jwa/-/jwa-2.0.1.tgz. Extracting by manifest.
211 silly tarball no local data for semver@https://registry.npmjs.org/semver/-/semver-7.8.4.tgz. Extracting by manifest.
212 silly tarball no local data for lodash.once@https://registry.npmjs.org/lodash.once/-/lodash.once-4.1.1.tgz. Extracting by manifest.
213 silly tarball no local data for lodash.isstring@https://registry.npmjs.org/lodash.isstring/-/lodash.isstring-4.0.1.tgz. Extracting by manifest.
214 silly tarball no local data for lodash.isnumber@https://registry.npmjs.org/lodash.isnumber/-/lodash.isnumber-3.0.3.tgz. Extracting by manifest.
215 silly tarball no local data for lodash.isplainobject@https://registry.npmjs.org/lodash.isplainobject/-/lodash.isplainobject-4.0.6.tgz. Extracting by manifest.
216 silly tarball no local data for lodash.isinteger@https://registry.npmjs.org/lodash.isinteger/-/lodash.isinteger-4.0.4.tgz. Extracting by manifest.
217 silly tarball no local data for lodash.isboolean@https://registry.npmjs.org/lodash.isboolean/-/lodash.isboolean-3.0.3.tgz. Extracting by manifest.
218 silly tarball no local data for lodash.includes@https://registry.npmjs.org/lodash.includes/-/lodash.includes-4.3.0.tgz. Extracting by manifest.
219 silly tarball no local data for jws@https://registry.npmjs.org/jws/-/jws-4.0.1.tgz. Extracting by manifest.
220 silly tarball no local data for pg@https://registry.npmjs.org/pg/-/pg-8.21.0.tgz. Extracting by manifest.
221 silly tarball no local data for jsonwebtoken@https://registry.npmjs.org/jsonwebtoken/-/jsonwebtoken-9.0.3.tgz. Extracting by manifest.
222 http fetch GET 200 https://registry.npmjs.org/split2/-/split2-4.2.0.tgz 217ms (cache miss)
223 http fetch GET 200 https://registry.npmjs.org/postgres-interval/-/postgres-interval-1.2.0.tgz 201ms (cache miss)
224 http fetch GET 200 https://registry.npmjs.org/postgres-array/-/postgres-array-2.0.0.tgz 196ms (cache miss)
225 http fetch GET 200 https://registry.npmjs.org/pg-int8/-/pg-int8-1.0.1.tgz 195ms (cache miss)
226 http fetch GET 200 https://registry.npmjs.org/postgres-date/-/postgres-date-1.0.7.tgz 201ms (cache miss)
227 http fetch GET 200 https://registry.npmjs.org/postgres-bytea/-/postgres-bytea-1.0.1.tgz 200ms (cache miss)
228 http fetch POST 200 https://registry.npmjs.org/-/npm/v1/security/advisories/bulk 297ms
229 silly audit report {
229 silly audit report   picomatch: [
229 silly audit report     {
229 silly audit report       id: 1115549,
229 silly audit report       url: 'https://github.com/advisories/GHSA-3v7f-55p6-f55p',
229 silly audit report       title: 'Picomatch: Method Injection in POSIX Character Classes causes incorrect Glob Matching',
229 silly audit report       severity: 'moderate',
229 silly audit report       vulnerable_versions: '<2.3.2',
229 silly audit report       cwe: [Array],
229 silly audit report       cvss: [Object]
229 silly audit report     },
229 silly audit report     {
229 silly audit report       id: 1115551,
229 silly audit report       url: 'https://github.com/advisories/GHSA-3v7f-55p6-f55p',
229 silly audit report       title: 'Picomatch: Method Injection in POSIX Character Classes causes incorrect Glob Matching',
229 silly audit report       severity: 'moderate',
229 silly audit report       vulnerable_versions: '>=4.0.0 <4.0.4',
229 silly audit report       cwe: [Array],
229 silly audit report       cvss: [Object]
229 silly audit report     },
229 silly audit report     {
229 silly audit report       id: 1115552,
229 silly audit report       url: 'https://github.com/advisories/GHSA-c2c7-rcm5-vvqj',
229 silly audit report       title: 'Picomatch has a ReDoS vulnerability via extglob quantifiers',
229 silly audit report       severity: 'high',
229 silly audit report       vulnerable_versions: '<2.3.2',
229 silly audit report       cwe: [Array],
229 silly audit report       cvss: [Object]
229 silly audit report     },
229 silly audit report     {
229 silly audit report       id: 1115554,
229 silly audit report       url: 'https://github.com/advisories/GHSA-c2c7-rcm5-vvqj',
229 silly audit report       title: 'Picomatch has a ReDoS vulnerability via extglob quantifiers',
229 silly audit report       severity: 'high',
229 silly audit report       vulnerable_versions: '>=4.0.0 <4.0.4',
229 silly audit report       cwe: [Array],
229 silly audit report       cvss: [Object]
229 silly audit report     }
229 silly audit report   ],
229 silly audit report   postcss: [
229 silly audit report     {
229 silly audit report       id: 1117015,
229 silly audit report       url: 'https://github.com/advisories/GHSA-qx2v-qp2m-jg93',
229 silly audit report       title: 'PostCSS has XSS via Unescaped </style> in its CSS Stringify Output',
229 silly audit report       severity: 'moderate',
229 silly audit report       vulnerable_versions: '<8.5.10',
229 silly audit report       cwe: [Array],
229 silly audit report       cvss: [Object]
229 silly audit report     }
229 silly audit report   ],
229 silly audit report   vite: [
229 silly audit report     {
229 silly audit report       id: 1120786,
229 silly audit report       url: 'https://github.com/advisories/GHSA-v6wh-96g9-6wx3',
229 silly audit report       title: 'launch-editor: NTLMv2 hash disclosure via UNC path handling on Windows',
229 silly audit report       severity: 'moderate',
229 silly audit report       vulnerable_versions: '>=8.0.0 <=8.0.15',
229 silly audit report       cwe: [Array],
229 silly audit report       cvss: [Object]
229 silly audit report     },
229 silly audit report     {
229 silly audit report       id: 1120791,
229 silly audit report       url: 'https://github.com/advisories/GHSA-fx2h-pf6j-xcff',
229 silly audit report       title: 'vite: `server.fs.deny` bypass on Windows alternate paths',
229 silly audit report       severity: 'high',
229 silly audit report       vulnerable_versions: '>=8.0.0 <=8.0.15',
229 silly audit report       cwe: [Array],
229 silly audit report       cvss: [Object]
229 silly audit report     },
229 silly audit report     {
229 silly audit report       id: 1116231,
229 silly audit report       url: 'https://github.com/advisories/GHSA-4w7w-66w2-5vf9',
229 silly audit report       title: 'Vite Vulnerable to Path Traversal in Optimized Deps `.map` Handling',
229 silly audit report       severity: 'moderate',
229 silly audit report       vulnerable_versions: '>=8.0.0 <=8.0.4',
229 silly audit report       cwe: [Array],
229 silly audit report       cvss: [Object]
229 silly audit report     },
229 silly audit report     {
229 silly audit report       id: 1116233,
229 silly audit report       url: 'https://github.com/advisories/GHSA-v2wj-q39q-566r',
229 silly audit report       title: 'Vite: `server.fs.deny` bypassed with queries',
229 silly audit report       severity: 'high',
229 silly audit report       vulnerable_versions: '>=8.0.0 <=8.0.4',
229 silly audit report       cwe: [Array],
229 silly audit report       cvss: [Object]
229 silly audit report     },
229 silly audit report     {
229 silly audit report       id: 1116236,
229 silly audit report       url: 'https://github.com/advisories/GHSA-p9ff-h696-f583',
229 silly audit report       title: 'Vite Vulnerable to Arbitrary File Read via Vite Dev Server WebSocket',
229 silly audit report       severity: 'high',
229 silly audit report       vulnerable_versions: '>=8.0.0 <=8.0.4',
229 silly audit report       cwe: [Array],
229 silly audit report       cvss: [Object]
229 silly audit report     }
229 silly audit report   ],
229 silly audit report   yaml: [
229 silly audit report     {
229 silly audit report       id: 1115556,
229 silly audit report       url: 'https://github.com/advisories/GHSA-48c2-rrv3-qjmp',
229 silly audit report       title: 'yaml is vulnerable to Stack Overflow via deeply nested YAML collections',
229 silly audit report       severity: 'moderate',
229 silly audit report       vulnerable_versions: '>=2.0.0 <2.8.3',
229 silly audit report       cwe: [Array],
229 silly audit report       cvss: [Object]
229 silly audit report     }
229 silly audit report   ]
229 silly audit report }
230 silly packumentCache corgi:https://registry.npmjs.org/picomatch cache-miss
231 silly packumentCache corgi:https://registry.npmjs.org/postcss cache-miss
232 silly packumentCache corgi:https://registry.npmjs.org/vite cache-miss
233 silly packumentCache corgi:https://registry.npmjs.org/yaml cache-miss
234 http fetch GET 200 https://registry.npmjs.org/lodash.once/-/lodash.once-4.1.1.tgz 553ms (cache miss)
235 http fetch GET 200 https://registry.npmjs.org/buffer-equal-constant-time/-/buffer-equal-constant-time-1.0.1.tgz 564ms (cache miss)
236 http fetch GET 200 https://registry.npmjs.org/lodash.isstring/-/lodash.isstring-4.0.1.tgz 575ms (cache miss)
237 http fetch GET 200 https://registry.npmjs.org/jwa/-/jwa-2.0.1.tgz 582ms (cache miss)
238 http fetch GET 200 https://registry.npmjs.org/lodash.isplainobject/-/lodash.isplainobject-4.0.6.tgz 579ms (cache miss)
239 http fetch GET 200 https://registry.npmjs.org/lodash.isnumber/-/lodash.isnumber-3.0.3.tgz 583ms (cache miss)
240 http fetch GET 200 https://registry.npmjs.org/lodash.includes/-/lodash.includes-4.3.0.tgz 634ms (cache miss)
241 http fetch GET 200 https://registry.npmjs.org/lodash.isinteger/-/lodash.isinteger-4.0.4.tgz 671ms (cache miss)
242 http fetch GET 200 https://registry.npmjs.org/lodash.isboolean/-/lodash.isboolean-3.0.3.tgz 678ms (cache miss)
243 http fetch GET 200 https://registry.npmjs.org/picomatch 472ms (cache miss)
244 silly packumentCache corgi:https://registry.npmjs.org/picomatch set size:undefined disposed:false
245 http fetch GET 200 https://registry.npmjs.org/pgpass/-/pgpass-1.0.5.tgz 739ms (cache miss)
246 http fetch GET 200 https://registry.npmjs.org/xtend/-/xtend-4.0.2.tgz 751ms (cache miss)
247 http fetch GET 200 https://registry.npmjs.org/safe-buffer/-/safe-buffer-5.2.1.tgz 746ms (cache miss)
248 http fetch GET 200 https://registry.npmjs.org/pg-connection-string/-/pg-connection-string-2.13.0.tgz 753ms (cache miss)
249 http fetch GET 200 https://registry.npmjs.org/yaml 520ms (cache miss)
250 silly packumentCache corgi:https://registry.npmjs.org/yaml set size:undefined disposed:false
251 http fetch GET 200 https://registry.npmjs.org/pg-pool/-/pg-pool-3.14.0.tgz 803ms (cache miss)
252 http fetch GET 200 https://registry.npmjs.org/ecdsa-sig-formatter/-/ecdsa-sig-formatter-1.0.11.tgz 808ms (cache miss)
253 http fetch GET 200 https://registry.npmjs.org/jws/-/jws-4.0.1.tgz 802ms (cache miss)
254 http fetch GET 200 https://registry.npmjs.org/postcss 590ms (cache miss)
255 silly packumentCache corgi:https://registry.npmjs.org/postcss set size:undefined disposed:false
256 http fetch GET 200 https://registry.npmjs.org/pg-types/-/pg-types-2.2.0.tgz 889ms (cache miss)
257 http fetch GET 200 https://registry.npmjs.org/pg-cloudflare/-/pg-cloudflare-1.4.0.tgz 883ms (cache miss)
258 http fetch GET 200 https://registry.npmjs.org/jsonwebtoken/-/jsonwebtoken-9.0.3.tgz 896ms (cache miss)
259 http fetch GET 200 https://registry.npmjs.org/pg/-/pg-8.21.0.tgz 921ms (cache miss)
260 http fetch GET 200 https://registry.npmjs.org/vite 746ms (cache miss)
261 silly packumentCache corgi:https://registry.npmjs.org/vite set size:undefined disposed:false
262 silly packumentCache corgi:https://registry.npmjs.org/anymatch cache-miss
263 silly packumentCache corgi:https://registry.npmjs.org/micromatch cache-miss
264 silly packumentCache corgi:https://registry.npmjs.org/readdirp cache-miss
265 http fetch GET 200 https://registry.npmjs.org/pg-protocol/-/pg-protocol-1.14.0.tgz 1224ms (cache miss)
266 http fetch GET 200 https://registry.npmjs.org/semver/-/semver-7.8.4.tgz 1227ms (cache miss)
267 http fetch GET 200 https://registry.npmjs.org/anymatch 444ms (cache miss)
268 silly packumentCache corgi:https://registry.npmjs.org/anymatch set size:undefined disposed:false
269 http fetch GET 200 https://registry.npmjs.org/readdirp 450ms (cache miss)
270 silly packumentCache corgi:https://registry.npmjs.org/readdirp set size:undefined disposed:false
271 http fetch GET 200 https://registry.npmjs.org/micromatch 455ms (cache miss)
272 silly packumentCache corgi:https://registry.npmjs.org/micromatch set size:undefined disposed:false
273 silly packumentCache corgi:https://registry.npmjs.org/fdir cache-miss
274 silly packumentCache corgi:https://registry.npmjs.org/tinyglobby cache-miss
275 silly packumentCache corgi:https://registry.npmjs.org/unplugin cache-miss
276 silly packumentCache corgi:https://registry.npmjs.org/unplugin-utils cache-miss
277 silly packumentCache corgi:https://registry.npmjs.org/vue-router cache-miss
278 http fetch GET 200 https://registry.npmjs.org/tinyglobby 125ms (cache miss)
279 silly packumentCache corgi:https://registry.npmjs.org/tinyglobby set size:undefined disposed:false
280 http fetch GET 200 https://registry.npmjs.org/unplugin-utils 129ms (cache miss)
281 silly packumentCache corgi:https://registry.npmjs.org/unplugin-utils set size:undefined disposed:false
282 http fetch GET 200 https://registry.npmjs.org/fdir 134ms (cache miss)
283 silly packumentCache corgi:https://registry.npmjs.org/fdir set size:undefined disposed:false
284 http fetch GET 200 https://registry.npmjs.org/unplugin 141ms (cache miss)
285 silly packumentCache corgi:https://registry.npmjs.org/unplugin set size:undefined disposed:false
286 http fetch GET 200 https://registry.npmjs.org/vue-router 407ms (cache miss)
287 silly packumentCache corgi:https://registry.npmjs.org/vue-router set size:undefined disposed:false
288 silly packumentCache corgi:https://registry.npmjs.org/@vue%2fcompiler-sfc cache-miss
289 silly packumentCache corgi:https://registry.npmjs.org/autoprefixer cache-miss
290 silly packumentCache corgi:https://registry.npmjs.org/postcss-import cache-miss
291 silly packumentCache corgi:https://registry.npmjs.org/postcss-js cache-miss
292 silly packumentCache corgi:https://registry.npmjs.org/postcss-load-config cache-miss
293 silly packumentCache corgi:https://registry.npmjs.org/postcss-nested cache-miss
294 silly packumentCache corgi:https://registry.npmjs.org/tailwindcss cache-miss
295 http fetch GET 200 https://registry.npmjs.org/postcss-js 277ms (cache miss)
296 silly packumentCache corgi:https://registry.npmjs.org/postcss-js set size:undefined disposed:false
297 http fetch GET 200 https://registry.npmjs.org/postcss-load-config 320ms (cache miss)
298 silly packumentCache corgi:https://registry.npmjs.org/postcss-load-config set size:undefined disposed:false
299 http fetch GET 200 https://registry.npmjs.org/autoprefixer 333ms (cache miss)
300 silly packumentCache corgi:https://registry.npmjs.org/autoprefixer set size:undefined disposed:false
301 http fetch GET 200 https://registry.npmjs.org/postcss-import 460ms (cache miss)
302 silly packumentCache corgi:https://registry.npmjs.org/postcss-import set size:undefined disposed:false
303 http fetch GET 200 https://registry.npmjs.org/postcss-nested 475ms (cache miss)
304 silly packumentCache corgi:https://registry.npmjs.org/postcss-nested set size:undefined disposed:false
305 http fetch GET 200 https://registry.npmjs.org/tailwindcss 586ms (cache miss)
306 silly packumentCache corgi:https://registry.npmjs.org/tailwindcss set size:undefined disposed:false
307 http fetch GET 200 https://registry.npmjs.org/@vue%2fcompiler-sfc 1007ms (cache miss)
308 silly packumentCache corgi:https://registry.npmjs.org/@vue%2fcompiler-sfc set size:undefined disposed:false
309 silly packumentCache corgi:https://registry.npmjs.org/@vitejs%2fplugin-vue cache-miss
310 http fetch GET 200 https://registry.npmjs.org/@vitejs%2fplugin-vue 130ms (cache miss)
311 silly packumentCache corgi:https://registry.npmjs.org/@vitejs%2fplugin-vue set size:undefined disposed:false
312 silly ADD node_modules/xtend
313 silly ADD node_modules/split2
314 silly ADD node_modules/postgres-interval
315 silly ADD node_modules/postgres-date
316 silly ADD node_modules/postgres-bytea
317 silly ADD node_modules/postgres-array
318 silly ADD node_modules/pg-int8
319 silly ADD node_modules/pgpass
320 silly ADD node_modules/pg-types
321 silly ADD node_modules/pg-protocol
322 silly ADD node_modules/pg-pool
323 silly ADD node_modules/pg-connection-string
324 silly ADD node_modules/pg-cloudflare
325 silly ADD node_modules/ecdsa-sig-formatter
326 silly ADD node_modules/buffer-equal-constant-time
327 silly ADD node_modules/safe-buffer
328 silly ADD node_modules/jwa
329 silly ADD node_modules/semver
330 silly ADD node_modules/lodash.once
331 silly ADD node_modules/lodash.isstring
332 silly ADD node_modules/lodash.isplainobject
333 silly ADD node_modules/lodash.isnumber
334 silly ADD node_modules/lodash.isinteger
335 silly ADD node_modules/lodash.isboolean
336 silly ADD node_modules/lodash.includes
337 silly ADD node_modules/jws
338 silly ADD node_modules/pg
339 silly ADD node_modules/jsonwebtoken
340 verbose cwd C:\Users\cassio\Documents\GitHub\TICHUB12\Atividade08
341 verbose os Windows_NT 10.0.19041
342 verbose node v24.14.0
343 verbose npm  v11.9.0
344 notice
344 notice New minor version of npm available! 11.9.0 -> 11.17.0
344 notice Changelog: https://github.com/npm/cli/releases/tag/v11.17.0
344 notice To update run: npm install -g npm@11.17.0
344 notice  { force: true, Symbol(proc-log.meta): true }
345 verbose exit 0
346 info ok
