0 verbose cli C:\Program Files\nodejs\node.exe C:\Program Files\nodejs\node_modules\npm\bin\npm-cli.js
1 info using npm@11.9.0
2 info using node@v24.14.0
3 silly config load:file:C:\Program Files\nodejs\node_modules\npm\npmrc
4 silly config load:file:C:\Users\cassio\Documents\GitHub\TICHUB12\Atividade06\.npmrc
5 silly config load:file:C:\Users\cassio\.npmrc
6 silly config load:file:C:\Users\cassio\AppData\Roaming\npm\etc\npmrc
7 verbose title npm install tsx
8 verbose argv "install" "--save-dev" "tsx" "--cache" ".\\.npm-cache"
9 verbose logfile logs-max:10 dir:C:\Users\cassio\Documents\GitHub\TICHUB12\Atividade06\.npm-cache\_logs\2026-05-26T23_49_48_975Z-
10 verbose logfile C:\Users\cassio\Documents\GitHub\TICHUB12\Atividade06\.npm-cache\_logs\2026-05-26T23_49_48_975Z-debug-0.log
11 silly logfile done cleaning log files
12 silly packumentCache heap:2348810240 maxSize:587202560 maxEntrySize:293601280
13 silly idealTree buildDeps
14 silly fetch manifest tsx@*
15 silly packumentCache full:https://registry.npmjs.org/tsx cache-miss
16 http fetch GET 200 https://registry.npmjs.org/tsx 399ms (cache miss)
17 silly packumentCache full:https://registry.npmjs.org/tsx set size:undefined disposed:false
18 silly placeDep ROOT tsx@4.22.3 OK for: pu12@1.0.0 want: *
19 silly fetch manifest esbuild@~0.28.0
20 silly packumentCache full:https://registry.npmjs.org/esbuild cache-miss
21 http fetch GET 200 https://registry.npmjs.org/esbuild 424ms (cache miss)
22 silly packumentCache full:https://registry.npmjs.org/esbuild set size:undefined disposed:false
23 silly placeDep ROOT esbuild@0.28.0 OK for: tsx@4.22.3 want: ~0.28.0
24 silly fetch manifest @esbuild/aix-ppc64@0.28.0
25 silly packumentCache full:https://registry.npmjs.org/@esbuild%2faix-ppc64 cache-miss
26 silly fetch manifest @esbuild/android-arm@0.28.0
27 silly packumentCache full:https://registry.npmjs.org/@esbuild%2fandroid-arm cache-miss
28 silly fetch manifest @esbuild/android-arm64@0.28.0
29 silly packumentCache full:https://registry.npmjs.org/@esbuild%2fandroid-arm64 cache-miss
30 silly fetch manifest @esbuild/android-x64@0.28.0
31 silly packumentCache full:https://registry.npmjs.org/@esbuild%2fandroid-x64 cache-miss
32 silly fetch manifest @esbuild/darwin-arm64@0.28.0
33 silly packumentCache full:https://registry.npmjs.org/@esbuild%2fdarwin-arm64 cache-miss
34 silly fetch manifest @esbuild/darwin-x64@0.28.0
35 silly packumentCache full:https://registry.npmjs.org/@esbuild%2fdarwin-x64 cache-miss
36 silly fetch manifest @esbuild/freebsd-arm64@0.28.0
37 silly packumentCache full:https://registry.npmjs.org/@esbuild%2ffreebsd-arm64 cache-miss
38 http fetch GET 200 https://registry.npmjs.org/@esbuild%2faix-ppc64 133ms (cache miss)
39 silly packumentCache full:https://registry.npmjs.org/@esbuild%2faix-ppc64 set size:undefined disposed:false
40 silly fetch manifest @esbuild/freebsd-x64@0.28.0
41 silly packumentCache full:https://registry.npmjs.org/@esbuild%2ffreebsd-x64 cache-miss
42 http fetch GET 200 https://registry.npmjs.org/@esbuild%2ffreebsd-x64 144ms (cache miss)
43 silly packumentCache full:https://registry.npmjs.org/@esbuild%2ffreebsd-x64 set size:undefined disposed:false
44 silly fetch manifest @esbuild/linux-arm@0.28.0
45 silly packumentCache full:https://registry.npmjs.org/@esbuild%2flinux-arm cache-miss
46 http fetch GET 200 https://registry.npmjs.org/@esbuild%2fdarwin-x64 389ms (cache miss)
47 silly packumentCache full:https://registry.npmjs.org/@esbuild%2fdarwin-x64 set size:undefined disposed:false
48 silly fetch manifest @esbuild/linux-arm64@0.28.0
49 silly packumentCache full:https://registry.npmjs.org/@esbuild%2flinux-arm64 cache-miss
50 http fetch GET 200 https://registry.npmjs.org/@esbuild%2fandroid-arm 408ms (cache miss)
51 silly packumentCache full:https://registry.npmjs.org/@esbuild%2fandroid-arm set size:undefined disposed:false
52 silly fetch manifest @esbuild/linux-ia32@0.28.0
53 silly packumentCache full:https://registry.npmjs.org/@esbuild%2flinux-ia32 cache-miss
54 http fetch GET 200 https://registry.npmjs.org/@esbuild%2fandroid-x64 429ms (cache miss)
55 silly packumentCache full:https://registry.npmjs.org/@esbuild%2fandroid-x64 set size:undefined disposed:false
56 silly fetch manifest @esbuild/linux-loong64@0.28.0
57 silly packumentCache full:https://registry.npmjs.org/@esbuild%2flinux-loong64 cache-miss
58 http fetch GET 200 https://registry.npmjs.org/@esbuild%2flinux-arm 166ms (cache miss)
59 silly packumentCache full:https://registry.npmjs.org/@esbuild%2flinux-arm set size:undefined disposed:false
60 silly fetch manifest @esbuild/linux-mips64el@0.28.0
61 silly packumentCache full:https://registry.npmjs.org/@esbuild%2flinux-mips64el cache-miss
62 http fetch GET 200 https://registry.npmjs.org/@esbuild%2fandroid-arm64 462ms (cache miss)
63 silly packumentCache full:https://registry.npmjs.org/@esbuild%2fandroid-arm64 set size:undefined disposed:false
64 silly fetch manifest @esbuild/linux-ppc64@0.28.0
65 silly packumentCache full:https://registry.npmjs.org/@esbuild%2flinux-ppc64 cache-miss
66 http fetch GET 200 https://registry.npmjs.org/@esbuild%2ffreebsd-arm64 470ms (cache miss)
67 silly packumentCache full:https://registry.npmjs.org/@esbuild%2ffreebsd-arm64 set size:undefined disposed:false
68 silly fetch manifest @esbuild/linux-riscv64@0.28.0
69 silly packumentCache full:https://registry.npmjs.org/@esbuild%2flinux-riscv64 cache-miss
70 http fetch GET 200 https://registry.npmjs.org/@esbuild%2fdarwin-arm64 560ms (cache miss)
71 silly packumentCache full:https://registry.npmjs.org/@esbuild%2fdarwin-arm64 set size:undefined disposed:false
72 silly fetch manifest @esbuild/linux-s390x@0.28.0
73 silly packumentCache full:https://registry.npmjs.org/@esbuild%2flinux-s390x cache-miss
74 http fetch GET 200 https://registry.npmjs.org/@esbuild%2flinux-ia32 191ms (cache miss)
75 silly packumentCache full:https://registry.npmjs.org/@esbuild%2flinux-ia32 set size:undefined disposed:false
76 silly fetch manifest @esbuild/linux-x64@0.28.0
77 silly packumentCache full:https://registry.npmjs.org/@esbuild%2flinux-x64 cache-miss
78 http fetch GET 200 https://registry.npmjs.org/@esbuild%2flinux-loong64 197ms (cache miss)
79 silly packumentCache full:https://registry.npmjs.org/@esbuild%2flinux-loong64 set size:undefined disposed:false
80 silly fetch manifest @esbuild/netbsd-arm64@0.28.0
81 silly packumentCache full:https://registry.npmjs.org/@esbuild%2fnetbsd-arm64 cache-miss
82 http fetch GET 200 https://registry.npmjs.org/@esbuild%2flinux-mips64el 184ms (cache miss)
83 silly packumentCache full:https://registry.npmjs.org/@esbuild%2flinux-mips64el set size:undefined disposed:false
84 silly fetch manifest @esbuild/netbsd-x64@0.28.0
85 silly packumentCache full:https://registry.npmjs.org/@esbuild%2fnetbsd-x64 cache-miss
86 http fetch GET 200 https://registry.npmjs.org/@esbuild%2flinux-ppc64 167ms (cache miss)
87 silly packumentCache full:https://registry.npmjs.org/@esbuild%2flinux-ppc64 set size:undefined disposed:false
88 silly fetch manifest @esbuild/openbsd-arm64@0.28.0
89 silly packumentCache full:https://registry.npmjs.org/@esbuild%2fopenbsd-arm64 cache-miss
90 http fetch GET 200 https://registry.npmjs.org/@esbuild%2flinux-riscv64 163ms (cache miss)
91 silly packumentCache full:https://registry.npmjs.org/@esbuild%2flinux-riscv64 set size:undefined disposed:false
92 silly fetch manifest @esbuild/openbsd-x64@0.28.0
93 silly packumentCache full:https://registry.npmjs.org/@esbuild%2fopenbsd-x64 cache-miss
94 http fetch GET 200 https://registry.npmjs.org/@esbuild%2flinux-s390x 127ms (cache miss)
95 silly packumentCache full:https://registry.npmjs.org/@esbuild%2flinux-s390x set size:undefined disposed:false
96 silly fetch manifest @esbuild/openharmony-arm64@0.28.0
97 silly packumentCache full:https://registry.npmjs.org/@esbuild%2fopenharmony-arm64 cache-miss
98 http fetch GET 200 https://registry.npmjs.org/@esbuild%2flinux-arm64 332ms (cache miss)
99 silly packumentCache full:https://registry.npmjs.org/@esbuild%2flinux-arm64 set size:undefined disposed:false
100 silly fetch manifest @esbuild/sunos-x64@0.28.0
101 silly packumentCache full:https://registry.npmjs.org/@esbuild%2fsunos-x64 cache-miss
102 http fetch GET 200 https://registry.npmjs.org/@esbuild%2fopenbsd-arm64 124ms (cache miss)
103 silly packumentCache full:https://registry.npmjs.org/@esbuild%2fopenbsd-arm64 set size:undefined disposed:false
104 silly fetch manifest @esbuild/win32-arm64@0.28.0
105 silly packumentCache full:https://registry.npmjs.org/@esbuild%2fwin32-arm64 cache-miss
106 http fetch GET 200 https://registry.npmjs.org/@esbuild%2fnetbsd-x64 158ms (cache miss)
107 silly packumentCache full:https://registry.npmjs.org/@esbuild%2fnetbsd-x64 set size:undefined disposed:false
108 silly fetch manifest @esbuild/win32-ia32@0.28.0
109 silly packumentCache full:https://registry.npmjs.org/@esbuild%2fwin32-ia32 cache-miss
110 http fetch GET 200 https://registry.npmjs.org/@esbuild%2flinux-x64 196ms (cache miss)
111 silly packumentCache full:https://registry.npmjs.org/@esbuild%2flinux-x64 set size:undefined disposed:false
112 silly fetch manifest @esbuild/win32-x64@0.28.0
113 silly packumentCache full:https://registry.npmjs.org/@esbuild%2fwin32-x64 cache-miss
114 http fetch GET 200 https://registry.npmjs.org/@esbuild%2fopenbsd-x64 162ms (cache miss)
115 silly packumentCache full:https://registry.npmjs.org/@esbuild%2fopenbsd-x64 set size:undefined disposed:false
116 http fetch GET 200 https://registry.npmjs.org/@esbuild%2fsunos-x64 126ms (cache miss)
117 silly packumentCache full:https://registry.npmjs.org/@esbuild%2fsunos-x64 set size:undefined disposed:false
118 http fetch GET 200 https://registry.npmjs.org/@esbuild%2fwin32-arm64 153ms (cache miss)
119 silly packumentCache full:https://registry.npmjs.org/@esbuild%2fwin32-arm64 set size:undefined disposed:false
120 http fetch GET 200 https://registry.npmjs.org/@esbuild%2fwin32-ia32 156ms (cache miss)
121 silly packumentCache full:https://registry.npmjs.org/@esbuild%2fwin32-ia32 set size:undefined disposed:false
122 http fetch GET 200 https://registry.npmjs.org/@esbuild%2fwin32-x64 155ms (cache miss)
123 silly packumentCache full:https://registry.npmjs.org/@esbuild%2fwin32-x64 set size:undefined disposed:false
124 http fetch GET 200 https://registry.npmjs.org/@esbuild%2fnetbsd-arm64 342ms (cache miss)
125 silly packumentCache full:https://registry.npmjs.org/@esbuild%2fnetbsd-arm64 set size:undefined disposed:false
126 http fetch GET 200 https://registry.npmjs.org/@esbuild%2fopenharmony-arm64 312ms (cache miss)
127 silly packumentCache full:https://registry.npmjs.org/@esbuild%2fopenharmony-arm64 set size:undefined disposed:false
128 silly placeDep ROOT @esbuild/aix-ppc64@0.28.0 OK for: esbuild@0.28.0 want: 0.28.0
129 silly placeDep ROOT @esbuild/android-arm@0.28.0 OK for: esbuild@0.28.0 want: 0.28.0
130 silly placeDep ROOT @esbuild/android-arm64@0.28.0 OK for: esbuild@0.28.0 want: 0.28.0
131 silly placeDep ROOT @esbuild/android-x64@0.28.0 OK for: esbuild@0.28.0 want: 0.28.0
132 silly placeDep ROOT @esbuild/darwin-arm64@0.28.0 OK for: esbuild@0.28.0 want: 0.28.0
133 silly placeDep ROOT @esbuild/darwin-x64@0.28.0 OK for: esbuild@0.28.0 want: 0.28.0
134 silly placeDep ROOT @esbuild/freebsd-arm64@0.28.0 OK for: esbuild@0.28.0 want: 0.28.0
135 silly placeDep ROOT @esbuild/freebsd-x64@0.28.0 OK for: esbuild@0.28.0 want: 0.28.0
136 silly placeDep ROOT @esbuild/linux-arm@0.28.0 OK for: esbuild@0.28.0 want: 0.28.0
137 silly placeDep ROOT @esbuild/linux-arm64@0.28.0 OK for: esbuild@0.28.0 want: 0.28.0
138 silly placeDep ROOT @esbuild/linux-ia32@0.28.0 OK for: esbuild@0.28.0 want: 0.28.0
139 silly placeDep ROOT @esbuild/linux-loong64@0.28.0 OK for: esbuild@0.28.0 want: 0.28.0
140 silly placeDep ROOT @esbuild/linux-mips64el@0.28.0 OK for: esbuild@0.28.0 want: 0.28.0
141 silly placeDep ROOT @esbuild/linux-ppc64@0.28.0 OK for: esbuild@0.28.0 want: 0.28.0
142 silly placeDep ROOT @esbuild/linux-riscv64@0.28.0 OK for: esbuild@0.28.0 want: 0.28.0
143 silly placeDep ROOT @esbuild/linux-s390x@0.28.0 OK for: esbuild@0.28.0 want: 0.28.0
144 silly placeDep ROOT @esbuild/linux-x64@0.28.0 OK for: esbuild@0.28.0 want: 0.28.0
145 silly placeDep ROOT @esbuild/netbsd-arm64@0.28.0 OK for: esbuild@0.28.0 want: 0.28.0
146 silly placeDep ROOT @esbuild/netbsd-x64@0.28.0 OK for: esbuild@0.28.0 want: 0.28.0
147 silly placeDep ROOT @esbuild/openbsd-arm64@0.28.0 OK for: esbuild@0.28.0 want: 0.28.0
148 silly placeDep ROOT @esbuild/openbsd-x64@0.28.0 OK for: esbuild@0.28.0 want: 0.28.0
149 silly placeDep ROOT @esbuild/openharmony-arm64@0.28.0 OK for: esbuild@0.28.0 want: 0.28.0
150 silly placeDep ROOT @esbuild/sunos-x64@0.28.0 OK for: esbuild@0.28.0 want: 0.28.0
151 silly placeDep ROOT @esbuild/win32-arm64@0.28.0 OK for: esbuild@0.28.0 want: 0.28.0
152 silly placeDep ROOT @esbuild/win32-ia32@0.28.0 OK for: esbuild@0.28.0 want: 0.28.0
153 silly placeDep ROOT @esbuild/win32-x64@0.28.0 OK for: esbuild@0.28.0 want: 0.28.0
154 silly fetch manifest esbuild@^0.27.0
155 silly packumentCache full:https://registry.npmjs.org/esbuild cache-miss
156 http cache https://registry.npmjs.org/esbuild 10ms (cache hit)
157 silly packumentCache full:https://registry.npmjs.org/esbuild set size:1254708 disposed:false
158 silly placeDep ROOT esbuild@0.27.7 REPLACE for: vite@8.0.0 want: ^0.27.0
159 silly fetch manifest @esbuild/aix-ppc64@0.27.7
160 silly packumentCache full:https://registry.npmjs.org/@esbuild%2faix-ppc64 cache-miss
161 silly fetch manifest @esbuild/linux-arm@0.27.7
162 silly packumentCache full:https://registry.npmjs.org/@esbuild%2flinux-arm cache-miss
163 silly fetch manifest @esbuild/linux-x64@0.27.7
164 silly packumentCache full:https://registry.npmjs.org/@esbuild%2flinux-x64 cache-miss
165 silly fetch manifest @esbuild/sunos-x64@0.27.7
166 silly packumentCache full:https://registry.npmjs.org/@esbuild%2fsunos-x64 cache-miss
167 silly fetch manifest @esbuild/win32-x64@0.27.7
168 silly packumentCache full:https://registry.npmjs.org/@esbuild%2fwin32-x64 cache-miss
169 silly fetch manifest @esbuild/darwin-x64@0.27.7
170 silly packumentCache full:https://registry.npmjs.org/@esbuild%2fdarwin-x64 cache-miss
171 silly fetch manifest @esbuild/linux-ia32@0.27.7
172 silly packumentCache full:https://registry.npmjs.org/@esbuild%2flinux-ia32 cache-miss
173 http cache https://registry.npmjs.org/@esbuild%2flinux-arm 12ms (cache hit)
174 silly packumentCache full:https://registry.npmjs.org/@esbuild%2flinux-arm set size:195140 disposed:false
175 silly fetch manifest @esbuild/netbsd-x64@0.27.7
176 silly packumentCache full:https://registry.npmjs.org/@esbuild%2fnetbsd-x64 cache-miss
177 http cache https://registry.npmjs.org/@esbuild%2flinux-x64 14ms (cache hit)
178 silly packumentCache full:https://registry.npmjs.org/@esbuild%2flinux-x64 set size:195479 disposed:false
179 silly fetch manifest @esbuild/win32-ia32@0.27.7
180 silly packumentCache full:https://registry.npmjs.org/@esbuild%2fwin32-ia32 cache-miss
181 http cache https://registry.npmjs.org/@esbuild%2fsunos-x64 17ms (cache hit)
182 silly packumentCache full:https://registry.npmjs.org/@esbuild%2fsunos-x64 set size:195721 disposed:false
183 silly fetch manifest @esbuild/android-arm@0.27.7
184 silly packumentCache full:https://registry.npmjs.org/@esbuild%2fandroid-arm cache-miss
185 http cache https://registry.npmjs.org/@esbuild%2faix-ppc64 19ms (cache hit)
186 silly packumentCache full:https://registry.npmjs.org/@esbuild%2faix-ppc64 set size:64314 disposed:false
187 silly fetch manifest @esbuild/android-x64@0.27.7
188 silly packumentCache full:https://registry.npmjs.org/@esbuild%2fandroid-x64 cache-miss
189 http cache https://registry.npmjs.org/@esbuild%2fwin32-x64 19ms (cache hit)
190 silly packumentCache full:https://registry.npmjs.org/@esbuild%2fwin32-x64 set size:194073 disposed:false
191 silly fetch manifest @esbuild/freebsd-x64@0.27.7
192 silly packumentCache full:https://registry.npmjs.org/@esbuild%2ffreebsd-x64 cache-miss
193 http cache https://registry.npmjs.org/@esbuild%2fdarwin-x64 21ms (cache hit)
194 silly packumentCache full:https://registry.npmjs.org/@esbuild%2fdarwin-x64 set size:196195 disposed:false
195 silly fetch manifest @esbuild/linux-arm64@0.27.7
196 silly packumentCache full:https://registry.npmjs.org/@esbuild%2flinux-arm64 cache-miss
197 http cache https://registry.npmjs.org/@esbuild%2flinux-ia32 23ms (cache hit)
198 silly packumentCache full:https://registry.npmjs.org/@esbuild%2flinux-ia32 set size:196150 disposed:false
199 silly fetch manifest @esbuild/linux-ppc64@0.27.7
200 silly packumentCache full:https://registry.npmjs.org/@esbuild%2flinux-ppc64 cache-miss
201 http cache https://registry.npmjs.org/@esbuild%2fnetbsd-x64 21ms (cache hit)
202 silly packumentCache full:https://registry.npmjs.org/@esbuild%2fnetbsd-x64 set size:193883 disposed:false
203 silly fetch manifest @esbuild/linux-s390x@0.27.7
204 silly packumentCache full:https://registry.npmjs.org/@esbuild%2flinux-s390x cache-miss
205 http cache https://registry.npmjs.org/@esbuild%2fwin32-ia32 21ms (cache hit)
206 silly packumentCache full:https://registry.npmjs.org/@esbuild%2fwin32-ia32 set size:196374 disposed:false
207 silly fetch manifest @esbuild/openbsd-x64@0.27.7
208 silly packumentCache full:https://registry.npmjs.org/@esbuild%2fopenbsd-x64 cache-miss
209 http cache https://registry.npmjs.org/@esbuild%2fandroid-arm 22ms (cache hit)
210 silly packumentCache full:https://registry.npmjs.org/@esbuild%2fandroid-arm set size:221749 disposed:false
211 silly fetch manifest @esbuild/win32-arm64@0.27.7
212 silly packumentCache full:https://registry.npmjs.org/@esbuild%2fwin32-arm64 cache-miss
213 http cache https://registry.npmjs.org/@esbuild%2ffreebsd-x64 21ms (cache hit)
214 silly packumentCache full:https://registry.npmjs.org/@esbuild%2ffreebsd-x64 set size:197070 disposed:false
215 silly fetch manifest @esbuild/darwin-arm64@0.27.7
216 silly packumentCache full:https://registry.npmjs.org/@esbuild%2fdarwin-arm64 cache-miss
217 http cache https://registry.npmjs.org/@esbuild%2fandroid-x64 26ms (cache hit)
218 silly packumentCache full:https://registry.npmjs.org/@esbuild%2fandroid-x64 set size:195551 disposed:false
219 silly fetch manifest @esbuild/netbsd-arm64@0.27.7
220 silly packumentCache full:https://registry.npmjs.org/@esbuild%2fnetbsd-arm64 cache-miss
221 http cache https://registry.npmjs.org/@esbuild%2flinux-arm64 23ms (cache hit)
222 silly packumentCache full:https://registry.npmjs.org/@esbuild%2flinux-arm64 set size:197274 disposed:false
223 silly fetch manifest @esbuild/android-arm64@0.27.7
224 silly packumentCache full:https://registry.npmjs.org/@esbuild%2fandroid-arm64 cache-miss
225 http cache https://registry.npmjs.org/@esbuild%2flinux-ppc64 23ms (cache hit)
226 silly packumentCache full:https://registry.npmjs.org/@esbuild%2flinux-ppc64 set size:199310 disposed:false
227 silly fetch manifest @esbuild/freebsd-arm64@0.27.7
228 silly packumentCache full:https://registry.npmjs.org/@esbuild%2ffreebsd-arm64 cache-miss
229 http cache https://registry.npmjs.org/@esbuild%2flinux-s390x 21ms (cache hit)
230 silly packumentCache full:https://registry.npmjs.org/@esbuild%2flinux-s390x set size:198784 disposed:false
231 silly fetch manifest @esbuild/linux-loong64@0.27.7
232 silly packumentCache full:https://registry.npmjs.org/@esbuild%2flinux-loong64 cache-miss
233 http cache https://registry.npmjs.org/@esbuild%2fopenbsd-x64 23ms (cache hit)
234 silly packumentCache full:https://registry.npmjs.org/@esbuild%2fopenbsd-x64 set size:197080 disposed:false
235 silly fetch manifest @esbuild/linux-riscv64@0.27.7
236 silly packumentCache full:https://registry.npmjs.org/@esbuild%2flinux-riscv64 cache-miss
237 http cache https://registry.npmjs.org/@esbuild%2fnetbsd-arm64 17ms (cache hit)
238 silly packumentCache full:https://registry.npmjs.org/@esbuild%2fnetbsd-arm64 set size:40794 disposed:false
239 silly fetch manifest @esbuild/openbsd-arm64@0.27.7
240 silly packumentCache full:https://registry.npmjs.org/@esbuild%2fopenbsd-arm64 cache-miss
241 http cache https://registry.npmjs.org/@esbuild%2fdarwin-arm64 22ms (cache hit)
242 silly packumentCache full:https://registry.npmjs.org/@esbuild%2fdarwin-arm64 set size:197958 disposed:false
243 silly fetch manifest @esbuild/linux-mips64el@0.27.7
244 silly packumentCache full:https://registry.npmjs.org/@esbuild%2flinux-mips64el cache-miss
245 http cache https://registry.npmjs.org/@esbuild%2fwin32-arm64 28ms (cache hit)
246 silly packumentCache full:https://registry.npmjs.org/@esbuild%2fwin32-arm64 set size:197504 disposed:false
247 silly fetch manifest @esbuild/openharmony-arm64@0.27.7
248 silly packumentCache full:https://registry.npmjs.org/@esbuild%2fopenharmony-arm64 cache-miss
249 http cache https://registry.npmjs.org/@esbuild%2fandroid-arm64 23ms (cache hit)
250 silly packumentCache full:https://registry.npmjs.org/@esbuild%2fandroid-arm64 set size:200684 disposed:false
251 http cache https://registry.npmjs.org/@esbuild%2ffreebsd-arm64 23ms (cache hit)
252 silly packumentCache full:https://registry.npmjs.org/@esbuild%2ffreebsd-arm64 set size:198853 disposed:false
253 http cache https://registry.npmjs.org/@esbuild%2flinux-riscv64 22ms (cache hit)
254 silly packumentCache full:https://registry.npmjs.org/@esbuild%2flinux-riscv64 set size:198981 disposed:false
255 http cache https://registry.npmjs.org/@esbuild%2flinux-loong64 25ms (cache hit)
256 silly packumentCache full:https://registry.npmjs.org/@esbuild%2flinux-loong64 set size:252211 disposed:false
257 http cache https://registry.npmjs.org/@esbuild%2fopenbsd-arm64 23ms (cache hit)
258 silly packumentCache full:https://registry.npmjs.org/@esbuild%2fopenbsd-arm64 set size:46111 disposed:false
259 http cache https://registry.npmjs.org/@esbuild%2fopenharmony-arm64 18ms (cache hit)
260 silly packumentCache full:https://registry.npmjs.org/@esbuild%2fopenharmony-arm64 set size:29494 disposed:false
261 http cache https://registry.npmjs.org/@esbuild%2flinux-mips64el 22ms (cache hit)
262 silly packumentCache full:https://registry.npmjs.org/@esbuild%2flinux-mips64el set size:201062 disposed:false
263 silly placeDep ROOT @esbuild/aix-ppc64@0.27.7 OK for: esbuild@0.27.7 want: 0.27.7
264 silly placeDep ROOT @esbuild/android-arm@0.27.7 OK for: esbuild@0.27.7 want: 0.27.7
265 silly placeDep ROOT @esbuild/android-arm64@0.27.7 OK for: esbuild@0.27.7 want: 0.27.7
266 silly placeDep ROOT @esbuild/android-x64@0.27.7 OK for: esbuild@0.27.7 want: 0.27.7
267 silly placeDep ROOT @esbuild/darwin-arm64@0.27.7 OK for: esbuild@0.27.7 want: 0.27.7
268 silly placeDep ROOT @esbuild/darwin-x64@0.27.7 OK for: esbuild@0.27.7 want: 0.27.7
269 silly placeDep ROOT @esbuild/freebsd-arm64@0.27.7 OK for: esbuild@0.27.7 want: 0.27.7
270 silly placeDep ROOT @esbuild/freebsd-x64@0.27.7 OK for: esbuild@0.27.7 want: 0.27.7
271 silly placeDep ROOT @esbuild/linux-arm@0.27.7 OK for: esbuild@0.27.7 want: 0.27.7
272 silly placeDep ROOT @esbuild/linux-arm64@0.27.7 OK for: esbuild@0.27.7 want: 0.27.7
273 silly placeDep ROOT @esbuild/linux-ia32@0.27.7 OK for: esbuild@0.27.7 want: 0.27.7
274 silly placeDep ROOT @esbuild/linux-loong64@0.27.7 OK for: esbuild@0.27.7 want: 0.27.7
275 silly placeDep ROOT @esbuild/linux-mips64el@0.27.7 OK for: esbuild@0.27.7 want: 0.27.7
276 silly placeDep ROOT @esbuild/linux-ppc64@0.27.7 OK for: esbuild@0.27.7 want: 0.27.7
277 silly placeDep ROOT @esbuild/linux-riscv64@0.27.7 OK for: esbuild@0.27.7 want: 0.27.7
278 silly placeDep ROOT @esbuild/linux-s390x@0.27.7 OK for: esbuild@0.27.7 want: 0.27.7
279 silly placeDep ROOT @esbuild/linux-x64@0.27.7 OK for: esbuild@0.27.7 want: 0.27.7
280 silly placeDep ROOT @esbuild/netbsd-arm64@0.27.7 OK for: esbuild@0.27.7 want: 0.27.7
281 silly placeDep ROOT @esbuild/netbsd-x64@0.27.7 OK for: esbuild@0.27.7 want: 0.27.7
282 silly placeDep ROOT @esbuild/openbsd-arm64@0.27.7 OK for: esbuild@0.27.7 want: 0.27.7
283 silly placeDep ROOT @esbuild/openbsd-x64@0.27.7 OK for: esbuild@0.27.7 want: 0.27.7
284 silly placeDep ROOT @esbuild/openharmony-arm64@0.27.7 OK for: esbuild@0.27.7 want: 0.27.7
285 silly placeDep ROOT @esbuild/sunos-x64@0.27.7 OK for: esbuild@0.27.7 want: 0.27.7
286 silly placeDep ROOT @esbuild/win32-arm64@0.27.7 OK for: esbuild@0.27.7 want: 0.27.7
287 silly placeDep ROOT @esbuild/win32-ia32@0.27.7 OK for: esbuild@0.27.7 want: 0.27.7
288 silly placeDep ROOT @esbuild/win32-x64@0.27.7 OK for: esbuild@0.27.7 want: 0.27.7
289 silly placeDep node_modules/tsx esbuild@0.28.0 OK for: tsx@4.22.3 want: ~0.28.0
290 silly placeDep node_modules/tsx @esbuild/aix-ppc64@0.28.0 OK for: esbuild@0.28.0 want: 0.28.0
291 silly placeDep node_modules/tsx @esbuild/android-arm@0.28.0 OK for: esbuild@0.28.0 want: 0.28.0
292 silly placeDep node_modules/tsx @esbuild/android-arm64@0.28.0 OK for: esbuild@0.28.0 want: 0.28.0
293 silly placeDep node_modules/tsx @esbuild/android-x64@0.28.0 OK for: esbuild@0.28.0 want: 0.28.0
294 silly placeDep node_modules/tsx @esbuild/darwin-arm64@0.28.0 OK for: esbuild@0.28.0 want: 0.28.0
295 silly placeDep node_modules/tsx @esbuild/darwin-x64@0.28.0 OK for: esbuild@0.28.0 want: 0.28.0
296 silly placeDep node_modules/tsx @esbuild/freebsd-arm64@0.28.0 OK for: esbuild@0.28.0 want: 0.28.0
297 silly placeDep node_modules/tsx @esbuild/freebsd-x64@0.28.0 OK for: esbuild@0.28.0 want: 0.28.0
298 silly placeDep node_modules/tsx @esbuild/linux-arm@0.28.0 OK for: esbuild@0.28.0 want: 0.28.0
299 silly placeDep node_modules/tsx @esbuild/linux-arm64@0.28.0 OK for: esbuild@0.28.0 want: 0.28.0
300 silly placeDep node_modules/tsx @esbuild/linux-ia32@0.28.0 OK for: esbuild@0.28.0 want: 0.28.0
301 silly placeDep node_modules/tsx @esbuild/linux-loong64@0.28.0 OK for: esbuild@0.28.0 want: 0.28.0
302 silly placeDep node_modules/tsx @esbuild/linux-mips64el@0.28.0 OK for: esbuild@0.28.0 want: 0.28.0
303 silly placeDep node_modules/tsx @esbuild/linux-ppc64@0.28.0 OK for: esbuild@0.28.0 want: 0.28.0
304 silly placeDep node_modules/tsx @esbuild/linux-riscv64@0.28.0 OK for: esbuild@0.28.0 want: 0.28.0
305 silly placeDep node_modules/tsx @esbuild/linux-s390x@0.28.0 OK for: esbuild@0.28.0 want: 0.28.0
306 silly placeDep node_modules/tsx @esbuild/linux-x64@0.28.0 OK for: esbuild@0.28.0 want: 0.28.0
307 silly placeDep node_modules/tsx @esbuild/netbsd-arm64@0.28.0 OK for: esbuild@0.28.0 want: 0.28.0
308 silly placeDep node_modules/tsx @esbuild/netbsd-x64@0.28.0 OK for: esbuild@0.28.0 want: 0.28.0
309 silly placeDep node_modules/tsx @esbuild/openbsd-arm64@0.28.0 OK for: esbuild@0.28.0 want: 0.28.0
310 silly placeDep node_modules/tsx @esbuild/openbsd-x64@0.28.0 OK for: esbuild@0.28.0 want: 0.28.0
311 silly placeDep node_modules/tsx @esbuild/openharmony-arm64@0.28.0 OK for: esbuild@0.28.0 want: 0.28.0
312 silly placeDep node_modules/tsx @esbuild/sunos-x64@0.28.0 OK for: esbuild@0.28.0 want: 0.28.0
313 silly placeDep node_modules/tsx @esbuild/win32-arm64@0.28.0 OK for: esbuild@0.28.0 want: 0.28.0
314 silly placeDep node_modules/tsx @esbuild/win32-ia32@0.28.0 OK for: esbuild@0.28.0 want: 0.28.0
315 silly placeDep node_modules/tsx @esbuild/win32-x64@0.28.0 OK for: esbuild@0.28.0 want: 0.28.0
316 silly reify moves {}
317 silly audit bulk request {
317 silly audit   '@alloc/quick-lru': [ '5.2.0' ],
317 silly audit   '@babel/generator': [ '7.29.1' ],
317 silly audit   '@jridgewell/trace-mapping': [ '0.3.31', '0.3.9' ],
317 silly audit   '@babel/helper-string-parser': [ '7.27.1' ],
317 silly audit   '@babel/helper-validator-identifier': [ '7.28.5' ],
317 silly audit   '@babel/parser': [ '7.29.0' ],
317 silly audit   '@babel/types': [ '7.29.0' ],
317 silly audit   '@cspotcode/source-map-support': [ '0.8.1' ],
317 silly audit   '@emnapi/core': [ '1.9.0' ],
317 silly audit   '@emnapi/runtime': [ '1.9.0' ],
317 silly audit   '@emnapi/wasi-threads': [ '1.2.0' ],
317 silly audit   '@jridgewell/gen-mapping': [ '0.3.13' ],
317 silly audit   '@jridgewell/remapping': [ '2.3.5' ],
317 silly audit   '@jridgewell/resolve-uri': [ '3.1.2' ],
317 silly audit   '@jridgewell/sourcemap-codec': [ '1.5.5' ],
317 silly audit   '@napi-rs/wasm-runtime': [ '1.1.1' ],
317 silly audit   '@nodelib/fs.scandir': [ '2.1.5' ],
317 silly audit   '@nodelib/fs.stat': [ '2.0.5' ],
317 silly audit   '@nodelib/fs.walk': [ '1.2.8' ],
317 silly audit   '@oxc-project/runtime': [ '0.115.0' ],
317 silly audit   '@oxc-project/types': [ '0.115.0' ],
317 silly audit   '@primeuix/styled': [ '0.7.4' ],
317 silly audit   '@primeuix/styles': [ '2.0.3' ],
317 silly audit   '@primeuix/themes': [ '2.0.3' ],
317 silly audit   '@primeuix/utils': [ '0.6.4' ],
317 silly audit   '@primevue/core': [ '4.5.5' ],
317 silly audit   '@primevue/icons': [ '4.5.5' ],
317 silly audit   '@primevue/themes': [ '4.5.4' ],
317 silly audit   '@rolldown/binding-android-arm64': [ '1.0.0-rc.9' ],
317 silly audit   '@rolldown/binding-darwin-arm64': [ '1.0.0-rc.9' ],
317 silly audit   '@rolldown/binding-darwin-x64': [ '1.0.0-rc.9' ],
317 silly audit   '@rolldown/binding-freebsd-x64': [ '1.0.0-rc.9' ],
317 silly audit   '@rolldown/binding-linux-arm-gnueabihf': [ '1.0.0-rc.9' ],
317 silly audit   '@rolldown/binding-linux-arm64-gnu': [ '1.0.0-rc.9' ],
317 silly audit   '@rolldown/binding-linux-arm64-musl': [ '1.0.0-rc.9' ],
317 silly audit   '@rolldown/binding-linux-ppc64-gnu': [ '1.0.0-rc.9' ],
317 silly audit   '@rolldown/binding-linux-s390x-gnu': [ '1.0.0-rc.9' ],
317 silly audit   '@rolldown/binding-linux-x64-gnu': [ '1.0.0-rc.9' ],
317 silly audit   '@rolldown/binding-linux-x64-musl': [ '1.0.0-rc.9' ],
317 silly audit   '@rolldown/binding-openharmony-arm64': [ '1.0.0-rc.9' ],
317 silly audit   '@rolldown/binding-wasm32-wasi': [ '1.0.0-rc.9' ],
317 silly audit   '@rolldown/binding-win32-arm64-msvc': [ '1.0.0-rc.9' ],
317 silly audit   '@rolldown/binding-win32-x64-msvc': [ '1.0.0-rc.9' ],
317 silly audit   '@rolldown/pluginutils': [ '1.0.0-rc.9', '1.0.0-rc.2' ],
317 silly audit   '@tsconfig/node10': [ '1.0.12' ],
317 silly audit   '@tsconfig/node12': [ '1.0.11' ],
317 silly audit   '@tsconfig/node14': [ '1.0.3' ],
317 silly audit   '@tsconfig/node16': [ '1.0.4' ],
317 silly audit   '@tybys/wasm-util': [ '0.10.1' ],
317 silly audit   '@types/body-parser': [ '1.19.6' ],
317 silly audit   '@types/connect': [ '3.4.38' ],
317 silly audit   '@types/express': [ '5.0.6' ],
317 silly audit   '@types/express-serve-static-core': [ '5.1.1' ],
317 silly audit   '@types/http-errors': [ '2.0.5' ],
317 silly audit   '@types/node': [ '25.5.0' ],
317 silly audit   '@types/qs': [ '6.15.1' ],
317 silly audit   '@types/range-parser': [ '1.2.7' ],
317 silly audit   '@types/send': [ '1.2.1' ],
317 silly audit   '@types/serve-static': [ '2.2.0' ],
317 silly audit   '@vitejs/plugin-vue': [ '6.0.5' ],
317 silly audit   '@vue-macros/common': [ '3.1.2' ],
317 silly audit   '@vue/compiler-core': [ '3.5.30' ],
317 silly audit   '@vue/compiler-dom': [ '3.5.30' ],
317 silly audit   '@vue/compiler-sfc': [ '3.5.30' ],
317 silly audit   '@vue/compiler-ssr': [ '3.5.30' ],
317 silly audit   '@vue/devtools-api': [ '8.1.1', '7.7.9' ],
317 silly audit   '@vue/devtools-kit': [ '8.1.1', '7.7.9' ],
317 silly audit   '@vue/devtools-shared': [ '8.1.1', '7.7.9' ],
317 silly audit   '@vue/reactivity': [ '3.5.30' ],
317 silly audit   '@vue/runtime-core': [ '3.5.30' ],
317 silly audit   '@vue/runtime-dom': [ '3.5.30' ],
317 silly audit   '@vue/server-renderer': [ '3.5.30' ],
317 silly audit   '@vue/shared': [ '3.5.30' ],
317 silly audit   '@vuelidate/core': [ '2.0.3' ],
317 silly audit   'vue-demi': [ '0.13.11' ],
317 silly audit   '@vuelidate/validators': [ '2.0.4' ],
317 silly audit   accepts: [ '2.0.0' ],
317 silly audit   acorn: [ '8.16.0' ],
317 silly audit   'acorn-walk': [ '8.3.5' ],
317 silly audit   'any-promise': [ '1.3.0' ],
317 silly audit   anymatch: [ '3.1.3' ],
317 silly audit   picomatch: [ '2.3.1', '4.0.3' ],
317 silly audit   arg: [ '4.1.3', '5.0.2' ],
317 silly audit   'ast-kit': [ '2.2.0' ],
317 silly audit   'ast-walker-scope': [ '0.8.3' ],
317 silly audit   autoprefixer: [ '10.4.27' ],
317 silly audit   'baseline-browser-mapping': [ '2.10.9' ],
317 silly audit   'binary-extensions': [ '2.3.0' ],
317 silly audit   birpc: [ '2.9.0' ],
317 silly audit   'body-parser': [ '2.2.2' ],
317 silly audit   braces: [ '3.0.3' ],
317 silly audit   browserslist: [ '4.28.1' ],
317 silly audit   bytes: [ '3.1.2' ],
317 silly audit   'call-bind-apply-helpers': [ '1.0.2' ],
317 silly audit   'call-bound': [ '1.0.4' ],
317 silly audit   'camelcase-css': [ '2.0.1' ],
317 silly audit   'caniuse-lite': [ '1.0.30001780' ],
317 silly audit   chokidar: [ '3.6.0', '5.0.0' ],
317 silly audit   'glob-parent': [ '5.1.2', '6.0.2' ],
317 silly audit   commander: [ '4.1.1' ],
317 silly audit   confbox: [ '0.2.4', '0.1.8' ],
317 silly audit   'content-disposition': [ '1.1.0' ],
317 silly audit   'content-type': [ '1.0.5', '2.0.0' ],
317 silly audit   cookie: [ '0.7.2' ],
317 silly audit   'cookie-signature': [ '1.2.2' ],
317 silly audit   'copy-anything': [ '4.0.5' ],
317 silly audit   'create-require': [ '1.1.1' ],
317 silly audit   cssesc: [ '3.0.0' ],
317 silly audit   csstype: [ '3.2.3' ],
317 silly audit   debug: [ '4.4.3' ],
317 silly audit   depd: [ '2.0.0' ],
317 silly audit   'detect-libc': [ '2.1.2' ],
317 silly audit   didyoumean: [ '1.2.2' ],
317 silly audit   diff: [ '4.0.4' ],
317 silly audit   dlv: [ '1.1.3' ],
317 silly audit   'dunder-proto': [ '1.0.1' ],
317 silly audit   'ee-first': [ '1.1.1' ],
317 silly audit   'electron-to-chromium': [ '1.5.321' ],
317 silly audit   encodeurl: [ '2.0.0' ],
317 silly audit   entities: [ '7.0.1' ],
317 silly audit   'es-define-property': [ '1.0.1' ],
317 silly audit   'es-errors': [ '1.3.0' ],
317 silly audit   'es-object-atoms': [ '1.1.2' ],
317 silly audit   escalade: [ '3.2.0' ],
317 silly audit   'escape-html': [ '1.0.3' ],
317 silly audit   'estree-walker': [ '2.0.2' ],
317 silly audit   etag: [ '1.8.1' ],
317 silly audit   express: [ '5.2.1' ],
317 silly audit   exsolve: [ '1.0.8' ],
317 silly audit   'fast-glob': [ '3.3.3' ],
317 silly audit   fastq: [ '1.20.1' ],
317 silly audit   fdir: [ '6.5.0' ],
317 silly audit   'fill-range': [ '7.1.1' ],
317 silly audit   finalhandler: [ '2.1.1' ],
317 silly audit   forwarded: [ '0.2.0' ],
317 silly audit   'fraction.js': [ '5.3.4' ],
317 silly audit   fresh: [ '2.0.0' ],
317 silly audit   fsevents: [ '2.3.3' ],
317 silly audit   'function-bind': [ '1.1.2' ],
317 silly audit   'get-intrinsic': [ '1.3.0' ],
317 silly audit   'get-proto': [ '1.0.1' ],
317 silly audit   gopd: [ '1.2.0' ],
317 silly audit   'has-symbols': [ '1.1.0' ],
317 silly audit   hasown: [ '2.0.2' ],
317 silly audit   hookable: [ '5.5.3' ],
317 silly audit   'http-errors': [ '2.0.1' ],
317 silly audit   'iconv-lite': [ '0.7.2' ],
317 silly audit   inherits: [ '2.0.4' ],
317 silly audit   'ipaddr.js': [ '1.9.1' ],
317 silly audit   'is-binary-path': [ '2.1.0' ],
317 silly audit   'is-core-module': [ '2.16.1' ],
317 silly audit   'is-extglob': [ '2.1.1' ],
317 silly audit   'is-glob': [ '4.0.3' ],
317 silly audit   'is-number': [ '7.0.0' ],
317 silly audit   'is-promise': [ '4.0.0' ],
317 silly audit   'is-what': [ '5.5.0' ],
317 silly audit   jiti: [ '1.21.7' ],
317 silly audit   jsesc: [ '3.1.0' ],
317 silly audit   json5: [ '2.2.3' ],
317 silly audit   lightningcss: [ '1.32.0' ],
317 silly audit   'lightningcss-android-arm64': [ '1.32.0' ],
317 silly audit   'lightningcss-darwin-arm64': [ '1.32.0' ],
317 silly audit   'lightningcss-darwin-x64': [ '1.32.0' ],
317 silly audit   'lightningcss-freebsd-x64': [ '1.32.0' ],
317 silly audit   'lightningcss-linux-arm-gnueabihf': [ '1.32.0' ],
317 silly audit   'lightningcss-linux-arm64-gnu': [ '1.32.0' ],
317 silly audit   'lightningcss-linux-arm64-musl': [ '1.32.0' ],
317 silly audit   'lightningcss-linux-x64-gnu': [ '1.32.0' ],
317 silly audit   'lightningcss-linux-x64-musl': [ '1.32.0' ],
317 silly audit   'lightningcss-win32-arm64-msvc': [ '1.32.0' ],
317 silly audit   'lightningcss-win32-x64-msvc': [ '1.32.0' ],
317 silly audit   lilconfig: [ '2.1.0', '3.1.3' ],
317 silly audit   'lines-and-columns': [ '1.2.4' ],
317 silly audit   'local-pkg': [ '1.1.2' ],
317 silly audit   'magic-string': [ '0.30.21' ],
317 silly audit   'magic-string-ast': [ '1.0.3' ],
317 silly audit   'make-error': [ '1.3.6' ],
317 silly audit   'math-intrinsics': [ '1.1.0' ],
317 silly audit   'media-typer': [ '1.1.0' ],
317 silly audit   'merge-descriptors': [ '2.0.0' ],
317 silly audit   merge2: [ '1.4.1' ],
317 silly audit   micromatch: [ '4.0.8' ],
317 silly audit   'mime-db': [ '1.54.0' ],
317 silly audit   'mime-types': [ '3.0.2' ],
317 silly audit   mitt: [ '3.0.1' ],
317 silly audit   mlly: [ '1.8.2' ],
317 silly audit   'pkg-types': [ '1.3.1', '2.3.0' ],
317 silly audit   ms: [ '2.1.3' ],
317 silly audit   'muggle-string': [ '0.4.1' ],
317 silly audit   mz: [ '2.7.0' ],
317 silly audit   nanoid: [ '3.3.11' ],
317 silly audit   negotiator: [ '1.0.0' ],
317 silly audit   'node-releases': [ '2.0.36' ],
317 silly audit   'normalize-path': [ '3.0.0' ],
317 silly audit   'object-assign': [ '4.1.1' ],
317 silly audit   'object-hash': [ '3.0.0' ],
317 silly audit   'object-inspect': [ '1.13.4' ],
317 silly audit   'on-finished': [ '2.4.1' ],
317 silly audit   once: [ '1.4.0' ],
317 silly audit   parseurl: [ '1.3.3' ],
317 silly audit   'path-parse': [ '1.0.7' ],
317 silly audit   'path-to-regexp': [ '8.4.2' ],
317 silly audit   pathe: [ '2.0.3' ],
317 silly audit   'perfect-debounce': [ '2.1.0', '1.0.0' ],
317 silly audit   picocolors: [ '1.1.1' ],
317 silly audit   pify: [ '2.3.0' ],
317 silly audit   pinia: [ '3.0.4' ],
317 silly audit   pirates: [ '4.0.7' ],
317 silly audit   postcss: [ '8.5.8' ],
317 silly audit   'postcss-import': [ '15.1.0' ],
317 silly audit   'postcss-js': [ '4.1.0' ],
317 silly audit   'postcss-load-config': [ '4.0.2' ],
317 silly audit   'postcss-nested': [ '6.2.0' ],
317 silly audit   'postcss-selector-parser': [ '6.1.2' ],
317 silly audit   'postcss-value-parser': [ '4.2.0' ],
317 silly audit   primeicons: [ '7.0.0' ],
317 silly audit   primevue: [ '4.5.5' ],
317 silly audit   'proxy-addr': [ '2.0.7' ],
317 silly audit   qs: [ '6.15.2' ],
317 silly audit   quansync: [ '0.2.11' ],
317 silly audit   'queue-microtask': [ '1.2.3' ],
317 silly audit   'range-parser': [ '1.2.1' ],
317 silly audit   'raw-body': [ '3.0.2' ],
317 silly audit   'read-cache': [ '1.0.0' ],
317 silly audit   readdirp: [ '3.6.0', '5.0.0' ],
317 silly audit   resolve: [ '1.22.11' ],
317 silly audit   reusify: [ '1.1.0' ],
317 silly audit   rfdc: [ '1.4.1' ],
317 silly audit   rolldown: [ '1.0.0-rc.9' ],
317 silly audit   router: [ '2.2.0' ],
317 silly audit   'run-parallel': [ '1.2.0' ],
317 silly audit   'safer-buffer': [ '2.1.2' ],
317 silly audit   scule: [ '1.3.0' ],
317 silly audit   send: [ '1.2.1' ],
317 silly audit   'serve-static': [ '2.2.1' ],
317 silly audit   setprototypeof: [ '1.2.0' ],
317 silly audit   'side-channel': [ '1.1.0' ],
317 silly audit   'side-channel-list': [ '1.0.1' ],
317 silly audit   'side-channel-map': [ '1.0.1' ],
317 silly audit   'side-channel-weakmap': [ '1.0.2' ],
317 silly audit   'source-map-js': [ '1.2.1' ],
317 silly audit   speakingurl: [ '14.0.1' ],
317 silly audit   statuses: [ '2.0.2' ],
317 silly audit   sucrase: [ '3.35.1' ],
317 silly audit   superjson: [ '2.2.6' ],
317 silly audit   'supports-preserve-symlinks-flag': [ '1.0.0' ],
317 silly audit   tailwindcss: [ '3.4.0' ],
317 silly audit   thenify: [ '3.3.1' ],
317 silly audit   'thenify-all': [ '1.6.0' ],
317 silly audit   tinyglobby: [ '0.2.15' ],
317 silly audit   'to-regex-range': [ '5.0.1' ],
317 silly audit   toidentifier: [ '1.0.1' ],
317 silly audit   'ts-interface-checker': [ '0.1.13' ],
317 silly audit   'ts-node': [ '10.9.2' ],
317 silly audit   tslib: [ '2.8.1' ],
317 silly audit   'type-is': [ '2.1.0' ],
317 silly audit   typescript: [ '5.9.3' ],
317 silly audit   ufo: [ '1.6.3' ],
317 silly audit   'undici-types': [ '7.18.2' ],
317 silly audit   unpipe: [ '1.0.0' ],
317 silly audit   unplugin: [ '3.0.0' ],
317 silly audit   'unplugin-utils': [ '0.3.1' ],
317 silly audit   'update-browserslist-db': [ '1.2.3' ],
317 silly audit   'util-deprecate': [ '1.0.2' ],
317 silly audit   'v8-compile-cache-lib': [ '3.0.1' ],
317 silly audit   vary: [ '1.1.2' ],
317 silly audit   vite: [ '8.0.0' ],
317 silly audit   vue: [ '3.5.30' ],
317 silly audit   'vue-router': [ '5.0.6' ],
317 silly audit   'webpack-virtual-modules': [ '0.6.2' ],
317 silly audit   wrappy: [ '1.0.2' ],
317 silly audit   yaml: [ '2.8.2' ],
317 silly audit   yn: [ '3.1.1' ],
317 silly audit   tsx: [ '4.22.3' ],
317 silly audit   esbuild: [ '0.28.0' ],
317 silly audit   '@esbuild/aix-ppc64': [ '0.28.0' ],
317 silly audit   '@esbuild/android-arm': [ '0.28.0' ],
317 silly audit   '@esbuild/android-arm64': [ '0.28.0' ],
317 silly audit   '@esbuild/android-x64': [ '0.28.0' ],
317 silly audit   '@esbuild/darwin-arm64': [ '0.28.0' ],
317 silly audit   '@esbuild/darwin-x64': [ '0.28.0' ],
317 silly audit   '@esbuild/freebsd-arm64': [ '0.28.0' ],
317 silly audit   '@esbuild/freebsd-x64': [ '0.28.0' ],
317 silly audit   '@esbuild/linux-arm': [ '0.28.0' ],
317 silly audit   '@esbuild/linux-arm64': [ '0.28.0' ],
317 silly audit   '@esbuild/linux-ia32': [ '0.28.0' ],
317 silly audit   '@esbuild/linux-loong64': [ '0.28.0' ],
317 silly audit   '@esbuild/linux-mips64el': [ '0.28.0' ],
317 silly audit   '@esbuild/linux-ppc64': [ '0.28.0' ],
317 silly audit   '@esbuild/linux-riscv64': [ '0.28.0' ],
317 silly audit   '@esbuild/linux-s390x': [ '0.28.0' ],
317 silly audit   '@esbuild/linux-x64': [ '0.28.0' ],
317 silly audit   '@esbuild/netbsd-arm64': [ '0.28.0' ],
317 silly audit   '@esbuild/netbsd-x64': [ '0.28.0' ],
317 silly audit   '@esbuild/openbsd-arm64': [ '0.28.0' ],
317 silly audit   '@esbuild/openbsd-x64': [ '0.28.0' ],
317 silly audit   '@esbuild/openharmony-arm64': [ '0.28.0' ],
317 silly audit   '@esbuild/sunos-x64': [ '0.28.0' ],
317 silly audit   '@esbuild/win32-arm64': [ '0.28.0' ],
317 silly audit   '@esbuild/win32-ia32': [ '0.28.0' ],
317 silly audit   '@esbuild/win32-x64': [ '0.28.0' ]
317 silly audit }
318 http cache tsx@https://registry.npmjs.org/tsx/-/tsx-4.22.3.tgz 0ms (cache hit)
319 http cache @esbuild/win32-x64@https://registry.npmjs.org/@esbuild/win32-x64/-/win32-x64-0.28.0.tgz 0ms (cache hit)
320 http cache esbuild@https://registry.npmjs.org/esbuild/-/esbuild-0.28.0.tgz 0ms (cache hit)
321 silly tarball no local data for tsx@https://registry.npmjs.org/tsx/-/tsx-4.22.3.tgz. Extracting by manifest.
322 silly tarball no local data for @esbuild/win32-x64@https://registry.npmjs.org/@esbuild/win32-x64/-/win32-x64-0.28.0.tgz. Extracting by manifest.
323 silly tarball no local data for esbuild@https://registry.npmjs.org/esbuild/-/esbuild-0.28.0.tgz. Extracting by manifest.
324 http fetch GET 200 https://registry.npmjs.org/esbuild/-/esbuild-0.28.0.tgz 180ms (cache miss)
325 http fetch POST 200 https://registry.npmjs.org/-/npm/v1/security/advisories/bulk 304ms
326 silly audit report {
326 silly audit report   picomatch: [
326 silly audit report     {
326 silly audit report       id: 1115549,
326 silly audit report       url: 'https://github.com/advisories/GHSA-3v7f-55p6-f55p',
326 silly audit report       title: 'Picomatch: Method Injection in POSIX Character Classes causes incorrect Glob Matching',
326 silly audit report       severity: 'moderate',
326 silly audit report       vulnerable_versions: '<2.3.2',
326 silly audit report       cwe: [Array],
326 silly audit report       cvss: [Object]
326 silly audit report     },
326 silly audit report     {
326 silly audit report       id: 1115551,
326 silly audit report       url: 'https://github.com/advisories/GHSA-3v7f-55p6-f55p',
326 silly audit report       title: 'Picomatch: Method Injection in POSIX Character Classes causes incorrect Glob Matching',
326 silly audit report       severity: 'moderate',
326 silly audit report       vulnerable_versions: '>=4.0.0 <4.0.4',
326 silly audit report       cwe: [Array],
326 silly audit report       cvss: [Object]
326 silly audit report     },
326 silly audit report     {
326 silly audit report       id: 1115552,
326 silly audit report       url: 'https://github.com/advisories/GHSA-c2c7-rcm5-vvqj',
326 silly audit report       title: 'Picomatch has a ReDoS vulnerability via extglob quantifiers',
326 silly audit report       severity: 'high',
326 silly audit report       vulnerable_versions: '<2.3.2',
326 silly audit report       cwe: [Array],
326 silly audit report       cvss: [Object]
326 silly audit report     },
326 silly audit report     {
326 silly audit report       id: 1115554,
326 silly audit report       url: 'https://github.com/advisories/GHSA-c2c7-rcm5-vvqj',
326 silly audit report       title: 'Picomatch has a ReDoS vulnerability via extglob quantifiers',
326 silly audit report       severity: 'high',
326 silly audit report       vulnerable_versions: '>=4.0.0 <4.0.4',
326 silly audit report       cwe: [Array],
326 silly audit report       cvss: [Object]
326 silly audit report     }
326 silly audit report   ],
326 silly audit report   postcss: [
326 silly audit report     {
326 silly audit report       id: 1117015,
326 silly audit report       url: 'https://github.com/advisories/GHSA-qx2v-qp2m-jg93',
326 silly audit report       title: 'PostCSS has XSS via Unescaped </style> in its CSS Stringify Output',
326 silly audit report       severity: 'moderate',
326 silly audit report       vulnerable_versions: '<8.5.10',
326 silly audit report       cwe: [Array],
326 silly audit report       cvss: [Object]
326 silly audit report     }
326 silly audit report   ],
326 silly audit report   vite: [
326 silly audit report     {
326 silly audit report       id: 1116231,
326 silly audit report       url: 'https://github.com/advisories/GHSA-4w7w-66w2-5vf9',
326 silly audit report       title: 'Vite Vulnerable to Path Traversal in Optimized Deps `.map` Handling',
326 silly audit report       severity: 'moderate',
326 silly audit report       vulnerable_versions: '>=8.0.0 <=8.0.4',
326 silly audit report       cwe: [Array],
326 silly audit report       cvss: [Object]
326 silly audit report     },
326 silly audit report     {
326 silly audit report       id: 1116233,
326 silly audit report       url: 'https://github.com/advisories/GHSA-v2wj-q39q-566r',
326 silly audit report       title: 'Vite: `server.fs.deny` bypassed with queries',
326 silly audit report       severity: 'high',
326 silly audit report       vulnerable_versions: '>=8.0.0 <=8.0.4',
326 silly audit report       cwe: [Array],
326 silly audit report       cvss: [Object]
326 silly audit report     },
326 silly audit report     {
326 silly audit report       id: 1116236,
326 silly audit report       url: 'https://github.com/advisories/GHSA-p9ff-h696-f583',
326 silly audit report       title: 'Vite Vulnerable to Arbitrary File Read via Vite Dev Server WebSocket',
326 silly audit report       severity: 'high',
326 silly audit report       vulnerable_versions: '>=8.0.0 <=8.0.4',
326 silly audit report       cwe: [Array],
326 silly audit report       cvss: [Object]
326 silly audit report     }
326 silly audit report   ],
326 silly audit report   yaml: [
326 silly audit report     {
326 silly audit report       id: 1115556,
326 silly audit report       url: 'https://github.com/advisories/GHSA-48c2-rrv3-qjmp',
326 silly audit report       title: 'yaml is vulnerable to Stack Overflow via deeply nested YAML collections',
326 silly audit report       severity: 'moderate',
326 silly audit report       vulnerable_versions: '>=2.0.0 <2.8.3',
326 silly audit report       cwe: [Array],
326 silly audit report       cvss: [Object]
326 silly audit report     }
326 silly audit report   ]
326 silly audit report }
327 silly packumentCache corgi:https://registry.npmjs.org/picomatch cache-miss
328 silly packumentCache corgi:https://registry.npmjs.org/postcss cache-miss
329 silly packumentCache corgi:https://registry.npmjs.org/vite cache-miss
330 silly packumentCache corgi:https://registry.npmjs.org/yaml cache-miss
331 http fetch GET 200 https://registry.npmjs.org/tsx/-/tsx-4.22.3.tgz 360ms (cache miss)
332 http fetch GET 200 https://registry.npmjs.org/postcss 124ms (cache revalidated)
333 silly packumentCache corgi:https://registry.npmjs.org/postcss set size:344717 disposed:false
334 http fetch GET 200 https://registry.npmjs.org/yaml 135ms (cache revalidated)
335 silly packumentCache corgi:https://registry.npmjs.org/yaml set size:163878 disposed:false
336 http fetch GET 200 https://registry.npmjs.org/picomatch 172ms (cache revalidated)
337 silly packumentCache corgi:https://registry.npmjs.org/picomatch set size:44414 disposed:false
338 http fetch GET 200 https://registry.npmjs.org/vite 187ms (cache revalidated)
339 silly packumentCache corgi:https://registry.npmjs.org/vite set size:2249718 disposed:false
340 silly packumentCache corgi:https://registry.npmjs.org/anymatch cache-miss
341 silly packumentCache corgi:https://registry.npmjs.org/micromatch cache-miss
342 silly packumentCache corgi:https://registry.npmjs.org/readdirp cache-miss
343 http fetch GET 200 https://registry.npmjs.org/readdirp 297ms (cache revalidated)
344 silly packumentCache corgi:https://registry.npmjs.org/readdirp set size:47123 disposed:false
345 http fetch GET 200 https://registry.npmjs.org/anymatch 317ms (cache revalidated)
346 silly packumentCache corgi:https://registry.npmjs.org/anymatch set size:18345 disposed:false
347 http fetch GET 200 https://registry.npmjs.org/micromatch 333ms (cache revalidated)
348 silly packumentCache corgi:https://registry.npmjs.org/micromatch set size:71776 disposed:false
349 silly packumentCache corgi:https://registry.npmjs.org/fdir cache-miss
350 silly packumentCache corgi:https://registry.npmjs.org/tinyglobby cache-miss
351 silly packumentCache corgi:https://registry.npmjs.org/unplugin cache-miss
352 silly packumentCache corgi:https://registry.npmjs.org/unplugin-utils cache-miss
353 silly packumentCache corgi:https://registry.npmjs.org/vue-router cache-miss
354 http fetch GET 200 https://registry.npmjs.org/vue-router 196ms (cache revalidated)
355 silly packumentCache corgi:https://registry.npmjs.org/vue-router set size:439716 disposed:false
356 http fetch GET 200 https://registry.npmjs.org/tinyglobby 207ms (cache revalidated)
357 silly packumentCache corgi:https://registry.npmjs.org/tinyglobby set size:18884 disposed:false
358 http fetch GET 200 https://registry.npmjs.org/fdir 209ms (cache revalidated)
359 silly packumentCache corgi:https://registry.npmjs.org/fdir set size:76905 disposed:false
360 http fetch GET 200 https://registry.npmjs.org/@esbuild/win32-x64/-/win32-x64-0.28.0.tgz 1092ms (cache miss)
361 info run esbuild@0.28.0 postinstall node_modules/tsx/node_modules/esbuild node install.js
362 info run esbuild@0.28.0 postinstall { code: 'EPERM', signal: undefined }
363 verbose stack Error: spawn EPERM
363 verbose stack     at ChildProcess.spawn (node:internal/child_process:421:11)
363 verbose stack     at spawn (node:child_process:796:9)
363 verbose stack     at promiseSpawn (C:\Program Files\nodejs\node_modules\npm\node_modules\@npmcli\promise-spawn\lib\index.js:39:16)
363 verbose stack     at spawnWithShell (C:\Program Files\nodejs\node_modules\npm\node_modules\@npmcli\promise-spawn\lib\index.js:124:10)
363 verbose stack     at promiseSpawn (C:\Program Files\nodejs\node_modules\npm\node_modules\@npmcli\promise-spawn\lib\index.js:12:12)
363 verbose stack     at runScriptPkg (C:\Program Files\nodejs\node_modules\npm\node_modules\@npmcli\run-script\lib\run-script-pkg.js:79:13)
363 verbose stack     at runScript (C:\Program Files\nodejs\node_modules\npm\node_modules\@npmcli\run-script\lib\run-script.js:9:12)
363 verbose stack     at C:\Program Files\nodejs\node_modules\npm\node_modules\@npmcli\arborist\lib\arborist\rebuild.js:327:17
363 verbose stack     at run (C:\Program Files\nodejs\node_modules\npm\node_modules\promise-call-limit\dist\commonjs\index.js:67:22)
363 verbose stack     at C:\Program Files\nodejs\node_modules\npm\node_modules\promise-call-limit\dist\commonjs\index.js:84:9
364 error code EPERM
365 error syscall spawn
366 error errno -4048
367 error Error: spawn EPERM
367 error     at ChildProcess.spawn (node:internal/child_process:421:11)
367 error     at spawn (node:child_process:796:9)
367 error     at promiseSpawn (C:\Program Files\nodejs\node_modules\npm\node_modules\@npmcli\promise-spawn\lib\index.js:39:16)
367 error     at spawnWithShell (C:\Program Files\nodejs\node_modules\npm\node_modules\@npmcli\promise-spawn\lib\index.js:124:10)
367 error     at promiseSpawn (C:\Program Files\nodejs\node_modules\npm\node_modules\@npmcli\promise-spawn\lib\index.js:12:12)
367 error     at runScriptPkg (C:\Program Files\nodejs\node_modules\npm\node_modules\@npmcli\run-script\lib\run-script-pkg.js:79:13)
367 error     at runScript (C:\Program Files\nodejs\node_modules\npm\node_modules\@npmcli\run-script\lib\run-script.js:9:12)
367 error     at C:\Program Files\nodejs\node_modules\npm\node_modules\@npmcli\arborist\lib\arborist\rebuild.js:327:17
367 error     at run (C:\Program Files\nodejs\node_modules\npm\node_modules\promise-call-limit\dist\commonjs\index.js:67:22)
367 error     at C:\Program Files\nodejs\node_modules\npm\node_modules\promise-call-limit\dist\commonjs\index.js:84:9 {
367 error   errno: -4048,
367 error   code: 'EPERM',
367 error   syscall: 'spawn'
367 error }
368 error
368 error The operation was rejected by your operating system.
368 error It's possible that the file was already in use (by a text editor or antivirus),
368 error or that you lack permissions to access it.
368 error
368 error If you believe this might be a permissions issue, please double-check the
368 error permissions of the file and its containing directories, or try running
368 error the command again as root/Administrator.
369 silly unfinished npm timer reify 1779839389402
370 silly unfinished npm timer reify:audit 1779839391605
371 silly unfinished npm timer auditReport:init 1779839392015
372 silly unfinished npm timer metavuln:calculate:security-advisory:unplugin:2VXNT0aF/Oc+aljqzVZL+y7UYoRsun3f1sCqjauwt4R4X9DizyqvONZbNtH8U58EY1DnyPNR0Ul3cX6UkEWNqw== 1779839392581
373 silly unfinished npm timer metavuln:packument:unplugin 1779839392581
374 silly unfinished npm timer metavuln:calculate:security-advisory:unplugin-utils:2VXNT0aF/Oc+aljqzVZL+y7UYoRsun3f1sCqjauwt4R4X9DizyqvONZbNtH8U58EY1DnyPNR0Ul3cX6UkEWNqw== 1779839392581
375 silly unfinished npm timer metavuln:packument:unplugin-utils 1779839392581
376 silly unfinished npm timer reify:build 1779839392793
377 silly unfinished npm timer build 1779839392793
378 silly unfinished npm timer build:deps 1779839392793
379 silly unfinished npm timer build:run:postinstall 1779839392799
380 silly unfinished npm timer build:run:postinstall:node_modules/tsx/node_modules/esbuild 1779839392799
381 verbose cwd C:\Users\cassio\Documents\GitHub\TICHUB12\Atividade06
382 verbose os Windows_NT 10.0.19041
383 verbose node v24.14.0
384 verbose npm  v11.9.0
385 verbose exit -4048
386 verbose code -4048
387 error A complete log of this run can be found in: C:\Users\cassio\Documents\GitHub\TICHUB12\Atividade06\.npm-cache\_logs\2026-05-26T23_49_48_975Z-debug-0.log
