0 verbose cli C:\Program Files\nodejs\node.exe C:\Program Files\nodejs\node_modules\npm\bin\npm-cli.js
1 info using npm@11.9.0
2 info using node@v24.14.0
3 silly config load:file:C:\Program Files\nodejs\node_modules\npm\npmrc
4 silly config load:file:C:\Users\cassio\Documents\GitHub\TICHUB12\Atividade06\.npmrc
5 silly config load:file:C:\Users\cassio\.npmrc
6 silly config load:file:C:\Users\cassio\AppData\Roaming\npm\etc\npmrc
7 verbose title npm install express @types/express
8 verbose argv "install" "express" "@types/express" "--cache" ".\\.npm-cache"
9 verbose logfile logs-max:10 dir:C:\Users\cassio\Documents\GitHub\TICHUB12\Atividade06\.npm-cache\_logs\2026-05-26T23_42_31_196Z-
10 verbose logfile C:\Users\cassio\Documents\GitHub\TICHUB12\Atividade06\.npm-cache\_logs\2026-05-26T23_42_31_196Z-debug-0.log
11 silly logfile done cleaning log files
12 silly packumentCache heap:2348810240 maxSize:587202560 maxEntrySize:293601280
13 verbose shrinkwrap failed to load node_modules/.package-lock.json out of date, updated: node_modules
14 silly idealTree buildDeps
15 silly fetch manifest express@*
16 silly packumentCache full:https://registry.npmjs.org/express cache-miss
17 http fetch GET 200 https://registry.npmjs.org/express 596ms (cache miss)
18 silly packumentCache full:https://registry.npmjs.org/express set size:undefined disposed:false
19 silly fetch manifest @types/express@*
20 silly packumentCache full:https://registry.npmjs.org/@types%2fexpress cache-miss
21 http fetch GET 200 https://registry.npmjs.org/npm 912ms
22 http fetch GET 200 https://registry.npmjs.org/@types%2fexpress 180ms (cache miss)
23 silly packumentCache full:https://registry.npmjs.org/@types%2fexpress set size:undefined disposed:false
24 silly placeDep ROOT @types/express@5.0.6 OK for: pu12@1.0.0 want: *
25 silly placeDep ROOT express@5.2.1 OK for: pu12@1.0.0 want: *
26 silly fetch manifest @types/body-parser@*
27 silly packumentCache full:https://registry.npmjs.org/@types%2fbody-parser cache-miss
28 silly fetch manifest @types/serve-static@^2
29 silly packumentCache full:https://registry.npmjs.org/@types%2fserve-static cache-miss
30 silly fetch manifest @types/express-serve-static-core@^5.0.0
31 silly packumentCache full:https://registry.npmjs.org/@types%2fexpress-serve-static-core cache-miss
32 silly fetch manifest qs@^6.14.0
33 silly packumentCache full:https://registry.npmjs.org/qs cache-miss
34 silly fetch manifest depd@^2.0.0
35 silly packumentCache full:https://registry.npmjs.org/depd cache-miss
36 silly fetch manifest etag@^1.8.1
37 silly packumentCache full:https://registry.npmjs.org/etag cache-miss
38 silly fetch manifest once@^1.4.0
39 silly packumentCache full:https://registry.npmjs.org/once cache-miss
40 http fetch GET 200 https://registry.npmjs.org/@types%2fbody-parser 167ms (cache miss)
41 silly packumentCache full:https://registry.npmjs.org/@types%2fbody-parser set size:undefined disposed:false
42 silly fetch manifest send@^1.1.0
43 silly packumentCache full:https://registry.npmjs.org/send cache-miss
44 http fetch GET 200 https://registry.npmjs.org/@types%2fserve-static 171ms (cache miss)
45 silly packumentCache full:https://registry.npmjs.org/@types%2fserve-static set size:undefined disposed:false
46 silly fetch manifest vary@^1.1.2
47 silly packumentCache full:https://registry.npmjs.org/vary cache-miss
48 http fetch GET 200 https://registry.npmjs.org/vary 126ms (cache miss)
49 silly packumentCache full:https://registry.npmjs.org/vary set size:undefined disposed:false
50 silly fetch manifest debug@^4.4.0
51 silly packumentCache full:https://registry.npmjs.org/debug cache-miss
52 http fetch GET 200 https://registry.npmjs.org/send 134ms (cache miss)
53 silly packumentCache full:https://registry.npmjs.org/send set size:undefined disposed:false
54 silly fetch manifest fresh@^2.0.0
55 silly packumentCache full:https://registry.npmjs.org/fresh cache-miss
56 http fetch GET 200 https://registry.npmjs.org/depd 407ms (cache miss)
57 silly packumentCache full:https://registry.npmjs.org/depd set size:undefined disposed:false
58 silly fetch manifest cookie@^0.7.1
59 silly packumentCache full:https://registry.npmjs.org/cookie cache-miss
60 http fetch GET 200 https://registry.npmjs.org/@types%2fexpress-serve-static-core 491ms (cache miss)
61 silly packumentCache full:https://registry.npmjs.org/@types%2fexpress-serve-static-core set size:undefined disposed:false
62 silly fetch manifest router@^2.2.0
63 silly packumentCache full:https://registry.npmjs.org/router cache-miss
64 http fetch GET 200 https://registry.npmjs.org/debug 195ms (cache miss)
65 silly packumentCache full:https://registry.npmjs.org/debug set size:undefined disposed:false
66 silly fetch manifest accepts@^2.0.0
67 silly packumentCache full:https://registry.npmjs.org/accepts cache-miss
68 http fetch GET 200 https://registry.npmjs.org/fresh 198ms (cache miss)
69 silly packumentCache full:https://registry.npmjs.org/fresh set size:undefined disposed:false
70 silly fetch manifest type-is@^2.0.1
71 silly packumentCache full:https://registry.npmjs.org/type-is cache-miss
72 http fetch GET 200 https://registry.npmjs.org/etag 505ms (cache miss)
73 silly packumentCache full:https://registry.npmjs.org/etag set size:undefined disposed:false
74 silly fetch manifest parseurl@^1.3.3
75 silly packumentCache full:https://registry.npmjs.org/parseurl cache-miss
76 http fetch GET 200 https://registry.npmjs.org/qs 510ms (cache miss)
77 silly packumentCache full:https://registry.npmjs.org/qs set size:undefined disposed:false
78 silly fetch manifest statuses@^2.0.1
79 silly packumentCache full:https://registry.npmjs.org/statuses cache-miss
80 http fetch GET 200 https://registry.npmjs.org/once 516ms (cache miss)
81 silly packumentCache full:https://registry.npmjs.org/once set size:undefined disposed:false
82 silly fetch manifest encodeurl@^2.0.0
83 silly packumentCache full:https://registry.npmjs.org/encodeurl cache-miss
84 http fetch GET 200 https://registry.npmjs.org/cookie 140ms (cache miss)
85 silly packumentCache full:https://registry.npmjs.org/cookie set size:undefined disposed:false
86 silly fetch manifest mime-types@^3.0.0
87 silly packumentCache full:https://registry.npmjs.org/mime-types cache-miss
88 http fetch GET 200 https://registry.npmjs.org/accepts 137ms (cache miss)
89 silly packumentCache full:https://registry.npmjs.org/accepts set size:undefined disposed:false
90 silly fetch manifest proxy-addr@^2.0.7
91 silly packumentCache full:https://registry.npmjs.org/proxy-addr cache-miss
92 http fetch GET 200 https://registry.npmjs.org/parseurl 134ms (cache miss)
93 silly packumentCache full:https://registry.npmjs.org/parseurl set size:undefined disposed:false
94 silly fetch manifest body-parser@^2.2.1
95 silly packumentCache full:https://registry.npmjs.org/body-parser cache-miss
96 http fetch GET 200 https://registry.npmjs.org/type-is 138ms (cache miss)
97 silly packumentCache full:https://registry.npmjs.org/type-is set size:undefined disposed:false
98 silly fetch manifest escape-html@^1.0.3
99 silly packumentCache full:https://registry.npmjs.org/escape-html cache-miss
100 http fetch GET 200 https://registry.npmjs.org/encodeurl 126ms (cache miss)
101 silly packumentCache full:https://registry.npmjs.org/encodeurl set size:undefined disposed:false
102 silly fetch manifest http-errors@^2.0.0
103 silly packumentCache full:https://registry.npmjs.org/http-errors cache-miss
104 http fetch GET 200 https://registry.npmjs.org/statuses 135ms (cache miss)
105 silly packumentCache full:https://registry.npmjs.org/statuses set size:undefined disposed:false
106 silly fetch manifest on-finished@^2.4.1
107 silly packumentCache full:https://registry.npmjs.org/on-finished cache-miss
108 http fetch GET 200 https://registry.npmjs.org/router 154ms (cache miss)
109 silly packumentCache full:https://registry.npmjs.org/router set size:undefined disposed:false
110 silly fetch manifest content-type@^1.0.5
111 silly packumentCache full:https://registry.npmjs.org/content-type cache-miss
112 http fetch GET 200 https://registry.npmjs.org/mime-types 112ms (cache miss)
113 silly packumentCache full:https://registry.npmjs.org/mime-types set size:undefined disposed:false
114 silly fetch manifest finalhandler@^2.1.0
115 silly packumentCache full:https://registry.npmjs.org/finalhandler cache-miss
116 http fetch GET 200 https://registry.npmjs.org/on-finished 138ms (cache miss)
117 silly packumentCache full:https://registry.npmjs.org/on-finished set size:undefined disposed:false
118 silly fetch manifest range-parser@^1.2.1
119 silly packumentCache full:https://registry.npmjs.org/range-parser cache-miss
120 http fetch GET 200 https://registry.npmjs.org/proxy-addr 150ms (cache miss)
121 silly packumentCache full:https://registry.npmjs.org/proxy-addr set size:undefined disposed:false
122 silly fetch manifest serve-static@^2.2.0
123 silly packumentCache full:https://registry.npmjs.org/serve-static cache-miss
124 http fetch GET 200 https://registry.npmjs.org/escape-html 149ms (cache miss)
125 silly packumentCache full:https://registry.npmjs.org/escape-html set size:undefined disposed:false
126 silly fetch manifest cookie-signature@^1.2.1
127 silly packumentCache full:https://registry.npmjs.org/cookie-signature cache-miss
128 http fetch GET 200 https://registry.npmjs.org/content-type 143ms (cache miss)
129 silly packumentCache full:https://registry.npmjs.org/content-type set size:undefined disposed:false
130 silly fetch manifest merge-descriptors@^2.0.0
131 silly packumentCache full:https://registry.npmjs.org/merge-descriptors cache-miss
132 http fetch GET 200 https://registry.npmjs.org/body-parser 158ms (cache miss)
133 silly packumentCache full:https://registry.npmjs.org/body-parser set size:undefined disposed:false
134 silly fetch manifest content-disposition@^1.0.0
135 silly packumentCache full:https://registry.npmjs.org/content-disposition cache-miss
136 http fetch GET 200 https://registry.npmjs.org/finalhandler 138ms (cache miss)
137 silly packumentCache full:https://registry.npmjs.org/finalhandler set size:undefined disposed:false
138 http fetch GET 200 https://registry.npmjs.org/http-errors 160ms (cache miss)
139 silly packumentCache full:https://registry.npmjs.org/http-errors set size:undefined disposed:false
140 http fetch GET 200 https://registry.npmjs.org/cookie-signature 110ms (cache miss)
141 silly packumentCache full:https://registry.npmjs.org/cookie-signature set size:undefined disposed:false
142 http fetch GET 200 https://registry.npmjs.org/range-parser 117ms (cache miss)
143 silly packumentCache full:https://registry.npmjs.org/range-parser set size:undefined disposed:false
144 http fetch GET 200 https://registry.npmjs.org/merge-descriptors 110ms (cache miss)
145 silly packumentCache full:https://registry.npmjs.org/merge-descriptors set size:undefined disposed:false
146 http fetch GET 200 https://registry.npmjs.org/content-disposition 128ms (cache miss)
147 silly packumentCache full:https://registry.npmjs.org/content-disposition set size:undefined disposed:false
148 http fetch GET 200 https://registry.npmjs.org/serve-static 142ms (cache miss)
149 silly packumentCache full:https://registry.npmjs.org/serve-static set size:undefined disposed:false
150 silly placeDep ROOT @types/body-parser@1.19.6 OK for: @types/express@5.0.6 want: *
151 silly placeDep ROOT @types/express-serve-static-core@5.1.1 OK for: @types/express@5.0.6 want: ^5.0.0
152 silly placeDep ROOT @types/serve-static@2.2.0 OK for: @types/express@5.0.6 want: ^2
153 silly fetch manifest @types/connect@*
154 silly packumentCache full:https://registry.npmjs.org/@types%2fconnect cache-miss
155 silly fetch manifest @types/qs@*
156 silly packumentCache full:https://registry.npmjs.org/@types%2fqs cache-miss
157 silly fetch manifest @types/send@*
158 silly packumentCache full:https://registry.npmjs.org/@types%2fsend cache-miss
159 silly fetch manifest @types/range-parser@*
160 silly packumentCache full:https://registry.npmjs.org/@types%2frange-parser cache-miss
161 silly fetch manifest @types/http-errors@*
162 silly packumentCache full:https://registry.npmjs.org/@types%2fhttp-errors cache-miss
163 http fetch GET 200 https://registry.npmjs.org/@types%2frange-parser 160ms (cache miss)
164 silly packumentCache full:https://registry.npmjs.org/@types%2frange-parser set size:undefined disposed:false
165 http fetch GET 200 https://registry.npmjs.org/@types%2fsend 161ms (cache miss)
166 silly packumentCache full:https://registry.npmjs.org/@types%2fsend set size:undefined disposed:false
167 http fetch GET 200 https://registry.npmjs.org/@types%2fhttp-errors 162ms (cache miss)
168 silly packumentCache full:https://registry.npmjs.org/@types%2fhttp-errors set size:undefined disposed:false
169 http fetch GET 200 https://registry.npmjs.org/@types%2fconnect 165ms (cache miss)
170 silly packumentCache full:https://registry.npmjs.org/@types%2fconnect set size:undefined disposed:false
171 http fetch GET 200 https://registry.npmjs.org/@types%2fqs 167ms (cache miss)
172 silly packumentCache full:https://registry.npmjs.org/@types%2fqs set size:undefined disposed:false
173 silly placeDep ROOT @types/connect@3.4.38 OK for: @types/body-parser@1.19.6 want: *
174 silly placeDep ROOT @types/qs@6.15.1 OK for: @types/express-serve-static-core@5.1.1 want: *
175 silly placeDep ROOT @types/range-parser@1.2.7 OK for: @types/express-serve-static-core@5.1.1 want: *
176 silly placeDep ROOT @types/send@1.2.1 OK for: @types/express-serve-static-core@5.1.1 want: *
177 silly placeDep ROOT @types/http-errors@2.0.5 OK for: @types/serve-static@2.2.0 want: *
178 silly placeDep ROOT accepts@2.0.0 OK for: express@5.2.1 want: ^2.0.0
179 silly placeDep ROOT body-parser@2.2.2 OK for: express@5.2.1 want: ^2.2.1
180 silly placeDep ROOT content-disposition@1.1.0 OK for: express@5.2.1 want: ^1.0.0
181 silly placeDep ROOT content-type@1.0.5 OK for: express@5.2.1 want: ^1.0.5
182 silly placeDep ROOT cookie@0.7.2 OK for: express@5.2.1 want: ^0.7.1
183 silly placeDep ROOT cookie-signature@1.2.2 OK for: express@5.2.1 want: ^1.2.1
184 silly placeDep ROOT debug@4.4.3 OK for: express@5.2.1 want: ^4.4.0
185 silly placeDep ROOT depd@2.0.0 OK for: express@5.2.1 want: ^2.0.0
186 silly placeDep ROOT encodeurl@2.0.0 OK for: express@5.2.1 want: ^2.0.0
187 silly placeDep ROOT escape-html@1.0.3 OK for: express@5.2.1 want: ^1.0.3
188 silly placeDep ROOT etag@1.8.1 OK for: express@5.2.1 want: ^1.8.1
189 silly placeDep ROOT finalhandler@2.1.1 OK for: express@5.2.1 want: ^2.1.0
190 silly placeDep ROOT fresh@2.0.0 OK for: express@5.2.1 want: ^2.0.0
191 silly placeDep ROOT http-errors@2.0.1 OK for: express@5.2.1 want: ^2.0.0
192 silly placeDep ROOT merge-descriptors@2.0.0 OK for: express@5.2.1 want: ^2.0.0
193 silly placeDep ROOT mime-types@3.0.2 OK for: express@5.2.1 want: ^3.0.0
194 silly placeDep ROOT on-finished@2.4.1 OK for: express@5.2.1 want: ^2.4.1
195 silly placeDep ROOT once@1.4.0 OK for: express@5.2.1 want: ^1.4.0
196 silly placeDep ROOT parseurl@1.3.3 OK for: express@5.2.1 want: ^1.3.3
197 silly placeDep ROOT proxy-addr@2.0.7 OK for: express@5.2.1 want: ^2.0.7
198 silly placeDep ROOT qs@6.15.2 OK for: express@5.2.1 want: ^6.14.0
199 silly placeDep ROOT range-parser@1.2.1 OK for: express@5.2.1 want: ^1.2.1
200 silly placeDep ROOT router@2.2.0 OK for: express@5.2.1 want: ^2.2.0
201 silly placeDep ROOT send@1.2.1 OK for: express@5.2.1 want: ^1.1.0
202 silly placeDep ROOT serve-static@2.2.1 OK for: express@5.2.1 want: ^2.2.0
203 silly placeDep ROOT statuses@2.0.2 OK for: express@5.2.1 want: ^2.0.1
204 silly placeDep ROOT type-is@2.1.0 OK for: express@5.2.1 want: ^2.0.1
205 silly placeDep ROOT vary@1.1.2 OK for: express@5.2.1 want: ^1.1.2
206 silly fetch manifest negotiator@^1.0.0
207 silly packumentCache full:https://registry.npmjs.org/negotiator cache-miss
208 silly fetch manifest qs@^6.14.1
209 silly packumentCache full:https://registry.npmjs.org/qs cache-miss
210 silly fetch manifest bytes@^3.1.2
211 silly packumentCache full:https://registry.npmjs.org/bytes cache-miss
212 silly fetch manifest debug@^4.4.3
213 silly packumentCache full:https://registry.npmjs.org/debug cache-miss
214 silly fetch manifest raw-body@^3.0.1
215 silly packumentCache full:https://registry.npmjs.org/raw-body cache-miss
216 silly fetch manifest iconv-lite@^0.7.0
217 silly packumentCache full:https://registry.npmjs.org/iconv-lite cache-miss
218 silly fetch manifest ms@^2.1.3
219 silly packumentCache full:https://registry.npmjs.org/ms cache-miss
220 http cache https://registry.npmjs.org/debug 14ms (cache hit)
221 silly packumentCache full:https://registry.npmjs.org/debug set size:195840 disposed:false
222 silly fetch manifest inherits@~2.0.4
223 silly packumentCache full:https://registry.npmjs.org/inherits cache-miss
224 http cache https://registry.npmjs.org/qs 20ms (cache hit)
225 silly packumentCache full:https://registry.npmjs.org/qs set size:356906 disposed:false
226 silly fetch manifest setprototypeof@~1.2.0
227 silly packumentCache full:https://registry.npmjs.org/setprototypeof cache-miss
228 http fetch GET 200 https://registry.npmjs.org/bytes 135ms (cache miss)
229 silly packumentCache full:https://registry.npmjs.org/bytes set size:undefined disposed:false
230 silly fetch manifest statuses@~2.0.2
231 silly packumentCache full:https://registry.npmjs.org/statuses cache-miss
232 http fetch GET 200 https://registry.npmjs.org/raw-body 137ms (cache miss)
233 silly packumentCache full:https://registry.npmjs.org/raw-body set size:undefined disposed:false
234 silly fetch manifest toidentifier@~1.0.1
235 silly packumentCache full:https://registry.npmjs.org/toidentifier cache-miss
236 http cache https://registry.npmjs.org/statuses 13ms (cache hit)
237 silly packumentCache full:https://registry.npmjs.org/statuses set size:37117 disposed:false
238 silly fetch manifest mime-db@^1.54.0
239 silly packumentCache full:https://registry.npmjs.org/mime-db cache-miss
240 http fetch GET 200 https://registry.npmjs.org/negotiator 154ms (cache miss)
241 silly packumentCache full:https://registry.npmjs.org/negotiator set size:undefined disposed:false
242 silly fetch manifest ee-first@1.1.1
243 silly packumentCache full:https://registry.npmjs.org/ee-first cache-miss
244 http fetch GET 200 https://registry.npmjs.org/inherits 137ms (cache miss)
245 silly packumentCache full:https://registry.npmjs.org/inherits set size:undefined disposed:false
246 silly fetch manifest wrappy@1
247 silly packumentCache full:https://registry.npmjs.org/wrappy cache-miss
248 http fetch GET 200 https://registry.npmjs.org/setprototypeof 134ms (cache miss)
249 silly packumentCache full:https://registry.npmjs.org/setprototypeof set size:undefined disposed:false
250 silly fetch manifest forwarded@0.2.0
251 silly packumentCache full:https://registry.npmjs.org/forwarded cache-miss
252 http fetch GET 200 https://registry.npmjs.org/ms 157ms (cache miss)
253 silly packumentCache full:https://registry.npmjs.org/ms set size:undefined disposed:false
254 silly fetch manifest ipaddr.js@1.9.1
255 silly packumentCache full:https://registry.npmjs.org/ipaddr.js cache-miss
256 http fetch GET 200 https://registry.npmjs.org/iconv-lite 160ms (cache miss)
257 silly packumentCache full:https://registry.npmjs.org/iconv-lite set size:undefined disposed:false
258 silly fetch manifest side-channel@^1.1.0
259 silly packumentCache full:https://registry.npmjs.org/side-channel cache-miss
260 http fetch GET 200 https://registry.npmjs.org/toidentifier 114ms (cache miss)
261 silly packumentCache full:https://registry.npmjs.org/toidentifier set size:undefined disposed:false
262 silly fetch manifest is-promise@^4.0.0
263 silly packumentCache full:https://registry.npmjs.org/is-promise cache-miss
264 http fetch GET 200 https://registry.npmjs.org/wrappy 120ms (cache miss)
265 silly packumentCache full:https://registry.npmjs.org/wrappy set size:undefined disposed:false
266 silly fetch manifest path-to-regexp@^8.0.0
267 silly packumentCache full:https://registry.npmjs.org/path-to-regexp cache-miss
268 http fetch GET 200 https://registry.npmjs.org/forwarded 121ms (cache miss)
269 silly packumentCache full:https://registry.npmjs.org/forwarded set size:undefined disposed:false
270 silly fetch manifest statuses@^2.0.2
271 silly packumentCache full:https://registry.npmjs.org/statuses cache-hit
272 silly fetch manifest content-type@^2.0.0
273 silly packumentCache full:https://registry.npmjs.org/content-type cache-miss
274 http fetch GET 200 https://registry.npmjs.org/side-channel 117ms (cache miss)
275 silly packumentCache full:https://registry.npmjs.org/side-channel set size:undefined disposed:false
276 silly fetch manifest media-typer@^1.1.0
277 silly packumentCache full:https://registry.npmjs.org/media-typer cache-miss
278 http fetch GET 200 https://registry.npmjs.org/ee-first 132ms (cache miss)
279 silly packumentCache full:https://registry.npmjs.org/ee-first set size:undefined disposed:false
280 http fetch GET 200 https://registry.npmjs.org/ipaddr.js 125ms (cache miss)
281 silly packumentCache full:https://registry.npmjs.org/ipaddr.js set size:undefined disposed:false
282 http fetch GET 200 https://registry.npmjs.org/mime-db 138ms (cache miss)
283 silly packumentCache full:https://registry.npmjs.org/mime-db set size:undefined disposed:false
284 http cache https://registry.npmjs.org/content-type 33ms (cache hit)
285 silly packumentCache full:https://registry.npmjs.org/content-type set size:18994 disposed:false
286 http fetch GET 200 https://registry.npmjs.org/is-promise 118ms (cache miss)
287 silly packumentCache full:https://registry.npmjs.org/is-promise set size:undefined disposed:false
288 http fetch GET 200 https://registry.npmjs.org/media-typer 119ms (cache miss)
289 silly packumentCache full:https://registry.npmjs.org/media-typer set size:undefined disposed:false
290 http fetch GET 200 https://registry.npmjs.org/path-to-regexp 127ms (cache miss)
291 silly packumentCache full:https://registry.npmjs.org/path-to-regexp set size:undefined disposed:false
292 silly placeDep ROOT negotiator@1.0.0 OK for: accepts@2.0.0 want: ^1.0.0
293 silly placeDep ROOT bytes@3.1.2 OK for: body-parser@2.2.2 want: ^3.1.2
294 silly placeDep ROOT iconv-lite@0.7.2 OK for: body-parser@2.2.2 want: ^0.7.0
295 silly placeDep ROOT raw-body@3.0.2 OK for: body-parser@2.2.2 want: ^3.0.1
296 silly fetch manifest safer-buffer@>= 2.1.2 < 3.0.0
297 silly packumentCache full:https://registry.npmjs.org/safer-buffer cache-miss
298 silly fetch manifest unpipe@~1.0.0
299 silly packumentCache full:https://registry.npmjs.org/unpipe cache-miss
300 http fetch GET 200 https://registry.npmjs.org/safer-buffer 122ms (cache miss)
301 silly packumentCache full:https://registry.npmjs.org/safer-buffer set size:undefined disposed:false
302 http fetch GET 200 https://registry.npmjs.org/unpipe 124ms (cache miss)
303 silly packumentCache full:https://registry.npmjs.org/unpipe set size:undefined disposed:false
304 silly placeDep ROOT ms@2.1.3 OK for: debug@4.4.3 want: ^2.1.3
305 silly placeDep ROOT inherits@2.0.4 OK for: http-errors@2.0.1 want: ~2.0.4
306 silly placeDep ROOT setprototypeof@1.2.0 OK for: http-errors@2.0.1 want: ~1.2.0
307 silly placeDep ROOT toidentifier@1.0.1 OK for: http-errors@2.0.1 want: ~1.0.1
308 silly placeDep ROOT safer-buffer@2.1.2 OK for: iconv-lite@0.7.2 want: >= 2.1.2 < 3.0.0
309 silly placeDep ROOT mime-db@1.54.0 OK for: mime-types@3.0.2 want: ^1.54.0
310 silly placeDep ROOT ee-first@1.1.1 OK for: on-finished@2.4.1 want: 1.1.1
311 silly placeDep ROOT wrappy@1.0.2 OK for: once@1.4.0 want: 1
312 silly placeDep ROOT forwarded@0.2.0 OK for: proxy-addr@2.0.7 want: 0.2.0
313 silly placeDep ROOT ipaddr.js@1.9.1 OK for: proxy-addr@2.0.7 want: 1.9.1
314 silly placeDep ROOT side-channel@1.1.0 OK for: qs@6.15.2 want: ^1.1.0
315 silly fetch manifest es-errors@^1.3.0
316 silly packumentCache full:https://registry.npmjs.org/es-errors cache-miss
317 silly fetch manifest object-inspect@^1.13.3
318 silly packumentCache full:https://registry.npmjs.org/object-inspect cache-miss
319 silly fetch manifest side-channel-list@^1.0.0
320 silly packumentCache full:https://registry.npmjs.org/side-channel-list cache-miss
321 silly fetch manifest side-channel-map@^1.0.1
322 silly packumentCache full:https://registry.npmjs.org/side-channel-map cache-miss
323 silly fetch manifest side-channel-weakmap@^1.0.2
324 silly packumentCache full:https://registry.npmjs.org/side-channel-weakmap cache-miss
325 http fetch GET 200 https://registry.npmjs.org/side-channel-list 132ms (cache miss)
326 silly packumentCache full:https://registry.npmjs.org/side-channel-list set size:undefined disposed:false
327 http fetch GET 200 https://registry.npmjs.org/es-errors 133ms (cache miss)
328 silly packumentCache full:https://registry.npmjs.org/es-errors set size:undefined disposed:false
329 http fetch GET 200 https://registry.npmjs.org/side-channel-map 133ms (cache miss)
330 silly packumentCache full:https://registry.npmjs.org/side-channel-map set size:undefined disposed:false
331 http fetch GET 200 https://registry.npmjs.org/side-channel-weakmap 134ms (cache miss)
332 silly packumentCache full:https://registry.npmjs.org/side-channel-weakmap set size:undefined disposed:false
333 http fetch GET 200 https://registry.npmjs.org/object-inspect 307ms (cache miss)
334 silly packumentCache full:https://registry.npmjs.org/object-inspect set size:undefined disposed:false
335 silly placeDep ROOT unpipe@1.0.0 OK for: raw-body@3.0.2 want: ~1.0.0
336 silly placeDep ROOT is-promise@4.0.0 OK for: router@2.2.0 want: ^4.0.0
337 silly placeDep ROOT path-to-regexp@8.4.2 OK for: router@2.2.0 want: ^8.0.0
338 silly placeDep ROOT es-errors@1.3.0 OK for: side-channel@1.1.0 want: ^1.3.0
339 silly placeDep ROOT object-inspect@1.13.4 OK for: side-channel@1.1.0 want: ^1.13.3
340 silly placeDep ROOT side-channel-list@1.0.1 OK for: side-channel@1.1.0 want: ^1.0.0
341 silly placeDep ROOT side-channel-map@1.0.1 OK for: side-channel@1.1.0 want: ^1.0.1
342 silly placeDep ROOT side-channel-weakmap@1.0.2 OK for: side-channel@1.1.0 want: ^1.0.2
343 silly fetch manifest call-bound@^1.0.2
344 silly packumentCache full:https://registry.npmjs.org/call-bound cache-miss
345 silly fetch manifest get-intrinsic@^1.2.5
346 silly packumentCache full:https://registry.npmjs.org/get-intrinsic cache-miss
347 silly fetch manifest call-bound@^1.0.2
348 silly packumentCache full:https://registry.npmjs.org/call-bound cache-miss
349 silly fetch manifest get-intrinsic@^1.2.5
350 silly packumentCache full:https://registry.npmjs.org/get-intrinsic cache-miss
351 http fetch GET 200 https://registry.npmjs.org/call-bound 157ms (cache miss)
352 silly packumentCache full:https://registry.npmjs.org/call-bound set size:undefined disposed:false
353 http fetch GET 200 https://registry.npmjs.org/call-bound 159ms (cache miss)
354 silly packumentCache full:https://registry.npmjs.org/call-bound set size:undefined disposed:false
355 http fetch GET 200 https://registry.npmjs.org/get-intrinsic 159ms (cache miss)
356 silly packumentCache full:https://registry.npmjs.org/get-intrinsic set size:undefined disposed:false
357 http fetch GET 200 https://registry.npmjs.org/get-intrinsic 159ms (cache miss)
358 silly packumentCache full:https://registry.npmjs.org/get-intrinsic set size:undefined disposed:false
359 silly placeDep ROOT call-bound@1.0.4 OK for: side-channel-map@1.0.1 want: ^1.0.2
360 silly placeDep ROOT get-intrinsic@1.3.0 OK for: side-channel-map@1.0.1 want: ^1.2.5
361 silly fetch manifest call-bind-apply-helpers@^1.0.2
362 silly packumentCache full:https://registry.npmjs.org/call-bind-apply-helpers cache-miss
363 silly fetch manifest get-intrinsic@^1.3.0
364 silly packumentCache full:https://registry.npmjs.org/get-intrinsic cache-miss
365 silly fetch manifest gopd@^1.2.0
366 silly packumentCache full:https://registry.npmjs.org/gopd cache-miss
367 silly fetch manifest get-proto@^1.0.1
368 silly packumentCache full:https://registry.npmjs.org/get-proto cache-miss
369 silly fetch manifest has-symbols@^1.1.0
370 silly packumentCache full:https://registry.npmjs.org/has-symbols cache-miss
371 silly fetch manifest es-object-atoms@^1.1.1
372 silly packumentCache full:https://registry.npmjs.org/es-object-atoms cache-miss
373 silly fetch manifest math-intrinsics@^1.1.0
374 silly packumentCache full:https://registry.npmjs.org/math-intrinsics cache-miss
375 http cache https://registry.npmjs.org/get-intrinsic 10ms (cache hit)
376 silly packumentCache full:https://registry.npmjs.org/get-intrinsic set size:60985 disposed:false
377 silly fetch manifest es-define-property@^1.0.1
378 silly packumentCache full:https://registry.npmjs.org/es-define-property cache-miss
379 http fetch GET 200 https://registry.npmjs.org/has-symbols 168ms (cache miss)
380 silly packumentCache full:https://registry.npmjs.org/has-symbols set size:undefined disposed:false
381 silly fetch manifest call-bind-apply-helpers@^1.0.2
382 silly packumentCache full:https://registry.npmjs.org/call-bind-apply-helpers cache-miss
383 http fetch GET 200 https://registry.npmjs.org/gopd 174ms (cache miss)
384 silly packumentCache full:https://registry.npmjs.org/gopd set size:undefined disposed:false
385 http fetch GET 200 https://registry.npmjs.org/es-object-atoms 175ms (cache miss)
386 silly packumentCache full:https://registry.npmjs.org/es-object-atoms set size:undefined disposed:false
387 http fetch GET 200 https://registry.npmjs.org/get-proto 178ms (cache miss)
388 silly packumentCache full:https://registry.npmjs.org/get-proto set size:undefined disposed:false
389 http fetch GET 200 https://registry.npmjs.org/call-bind-apply-helpers 180ms (cache miss)
390 silly packumentCache full:https://registry.npmjs.org/call-bind-apply-helpers set size:undefined disposed:false
391 http fetch GET 200 https://registry.npmjs.org/es-define-property 170ms (cache miss)
392 silly packumentCache full:https://registry.npmjs.org/es-define-property set size:undefined disposed:false
393 http fetch GET 200 https://registry.npmjs.org/math-intrinsics 181ms (cache miss)
394 silly packumentCache full:https://registry.npmjs.org/math-intrinsics set size:undefined disposed:false
395 http fetch GET 200 https://registry.npmjs.org/call-bind-apply-helpers 145ms (cache miss)
396 silly packumentCache full:https://registry.npmjs.org/call-bind-apply-helpers set size:undefined disposed:false
397 silly placeDep ROOT call-bind-apply-helpers@1.0.2 OK for: call-bound@1.0.4 want: ^1.0.2
398 silly placeDep ROOT es-define-property@1.0.1 OK for: get-intrinsic@1.3.0 want: ^1.0.1
399 silly placeDep ROOT es-object-atoms@1.1.2 OK for: get-intrinsic@1.3.0 want: ^1.1.1
400 silly placeDep ROOT get-proto@1.0.1 OK for: get-intrinsic@1.3.0 want: ^1.0.1
401 silly placeDep ROOT gopd@1.2.0 OK for: get-intrinsic@1.3.0 want: ^1.2.0
402 silly placeDep ROOT has-symbols@1.1.0 OK for: get-intrinsic@1.3.0 want: ^1.1.0
403 silly placeDep ROOT math-intrinsics@1.1.0 OK for: get-intrinsic@1.3.0 want: ^1.1.0
404 silly fetch manifest dunder-proto@^1.0.1
405 silly packumentCache full:https://registry.npmjs.org/dunder-proto cache-miss
406 http fetch GET 200 https://registry.npmjs.org/dunder-proto 156ms (cache miss)
407 silly packumentCache full:https://registry.npmjs.org/dunder-proto set size:undefined disposed:false
408 silly placeDep ROOT dunder-proto@1.0.1 OK for: get-proto@1.0.1 want: ^1.0.1
409 silly placeDep node_modules/type-is content-type@2.0.0 OK for: type-is@2.1.0 want: ^2.0.0
410 silly placeDep ROOT media-typer@1.1.0 OK for: type-is@2.1.0 want: ^1.1.0
411 silly reify moves {}
412 verbose stack Error: EPERM: operation not permitted, mkdir 'C:\Users\cassio\Documents\GitHub\TICHUB12\Atividade06\node_modules\@types\express'
412 verbose stack     at async mkdir (node:internal/fs/promises:856:10)
412 verbose stack     at async C:\Program Files\nodejs\node_modules\npm\node_modules\@npmcli\arborist\lib\arborist\reify.js:572:20
412 verbose stack     at async Promise.allSettled (index 0)
412 verbose stack     at async #reifyPackages (C:\Program Files\nodejs\node_modules\npm\node_modules\@npmcli\arborist\lib\arborist\reify.js:309:11)
412 verbose stack     at async Arborist.reify (C:\Program Files\nodejs\node_modules\npm\node_modules\@npmcli\arborist\lib\arborist\reify.js:121:5)
412 verbose stack     at async Install.exec (C:\Program Files\nodejs\node_modules\npm\lib\commands\install.js:151:5)
412 verbose stack     at async Npm.exec (C:\Program Files\nodejs\node_modules\npm\lib\npm.js:208:9)
412 verbose stack     at async module.exports (C:\Program Files\nodejs\node_modules\npm\lib\cli\entry.js:67:5)
413 error code EPERM
414 error syscall mkdir
415 error path C:\Users\cassio\Documents\GitHub\TICHUB12\Atividade06\node_modules\@types\express
416 error errno -4048
417 error Error: EPERM: operation not permitted, mkdir 'C:\Users\cassio\Documents\GitHub\TICHUB12\Atividade06\node_modules\@types\express'
417 error     at async mkdir (node:internal/fs/promises:856:10)
417 error     at async C:\Program Files\nodejs\node_modules\npm\node_modules\@npmcli\arborist\lib\arborist\reify.js:572:20
417 error     at async Promise.allSettled (index 0)
417 error     at async #reifyPackages (C:\Program Files\nodejs\node_modules\npm\node_modules\@npmcli\arborist\lib\arborist\reify.js:309:11)
417 error     at async Arborist.reify (C:\Program Files\nodejs\node_modules\npm\node_modules\@npmcli\arborist\lib\arborist\reify.js:121:5)
417 error     at async Install.exec (C:\Program Files\nodejs\node_modules\npm\lib\commands\install.js:151:5)
417 error     at async Npm.exec (C:\Program Files\nodejs\node_modules\npm\lib\npm.js:208:9)
417 error     at async module.exports (C:\Program Files\nodejs\node_modules\npm\lib\cli\entry.js:67:5) {
417 error   errno: -4048,
417 error   code: 'EPERM',
417 error   syscall: 'mkdir',
417 error   path: 'C:\\Users\\cassio\\Documents\\GitHub\\TICHUB12\\Atividade06\\node_modules\\@types\\express'
417 error }
418 error
418 error The operation was rejected by your operating system.
418 error It's possible that the file was already in use (by a text editor or antivirus),
418 error or that you lack permissions to access it.
418 error
418 error If you believe this might be a permissions issue, please double-check the
418 error permissions of the file and its containing directories, or try running
418 error the command again as root/Administrator.
419 silly unfinished npm timer reify 1779838952050
420 silly unfinished npm timer reify:createSparse 1779838955804
421 verbose cwd C:\Users\cassio\Documents\GitHub\TICHUB12\Atividade06
422 verbose os Windows_NT 10.0.19041
423 verbose node v24.14.0
424 verbose npm  v11.9.0
425 notice
425 notice New minor version of npm available! 11.9.0 -> 11.15.0
425 notice Changelog: https://github.com/npm/cli/releases/tag/v11.15.0
425 notice To update run: npm install -g npm@11.15.0
425 notice  { force: true, Symbol(proc-log.meta): true }
426 verbose exit -4048
427 verbose code -4048
428 error A complete log of this run can be found in: C:\Users\cassio\Documents\GitHub\TICHUB12\Atividade06\.npm-cache\_logs\2026-05-26T23_42_31_196Z-debug-0.log
